Archive member included to satisfy reference by file (symbol)

c:/program files/microchip/xc32/v4.21/bin/bin/../../lib/gcc/pic32c/8.3.1/../../../../pic32c/lib/thumb/v7e-m+fp/hard\libpic32c.a(data_init_wrapper.o)
                              build/default/debug/_ext/1171490990/startup_xc32.o (__pic32c_data_initialization)
c:/program files/microchip/xc32/v4.21/bin/bin/../../lib/gcc/pic32c/8.3.1/../../../../pic32c/lib/thumb/v7e-m+fp/hard\libpic32c.a(data_init_0_1.o)
                              c:/program files/microchip/xc32/v4.21/bin/bin/../../lib/gcc/pic32c/8.3.1/../../../../pic32c/lib/thumb/v7e-m+fp/hard\libpic32c.a(data_init_wrapper.o) (__pic32c_data_initialization_impl)
c:/program files/microchip/xc32/v4.21/bin/bin/../../lib/gcc/pic32c/8.3.1/../../../../pic32c/lib/thumb/v7e-m+fp/hard\libg-musl.a(__libc_start_main.o)
                              build/default/debug/_ext/1171490990/startup_xc32.o (__libc_init_array)
c:/program files/microchip/xc32/v4.21/bin/bin/../../lib/gcc/pic32c/8.3.1/../../../../pic32c/lib/thumb/v7e-m+fp/hard\libg-musl.a(libc.o)
                              c:/program files/microchip/xc32/v4.21/bin/bin/../../lib/gcc/pic32c/8.3.1/../../../../pic32c/lib/thumb/v7e-m+fp/hard\libg-musl.a(__libc_start_main.o) (__progname_full)
c:/program files/microchip/xc32/v4.21/bin/bin/../../lib/gcc/pic32c/8.3.1/../../../../pic32c/lib/thumb/v7e-m+fp/hard\libg-musl.a(__sio_printf_doux.o)
                              (_printf_cdnopuxX)
c:/program files/microchip/xc32/v4.21/bin/bin/../../lib/gcc/pic32c/8.3.1/../../../../pic32c/lib/thumb/v7e-m+fp/hard\libg-musl.a(__fmt_d.o)
                              c:/program files/microchip/xc32/v4.21/bin/bin/../../lib/gcc/pic32c/8.3.1/../../../../pic32c/lib/thumb/v7e-m+fp/hard\libg-musl.a(__sio_printf_doux.o) (__fmt_d_needed)
c:/program files/microchip/xc32/v4.21/bin/bin/../../lib/gcc/pic32c/8.3.1/../../../../pic32c/lib/thumb/v7e-m+fp/hard\libg-musl.a(__fmt_o.o)
                              c:/program files/microchip/xc32/v4.21/bin/bin/../../lib/gcc/pic32c/8.3.1/../../../../pic32c/lib/thumb/v7e-m+fp/hard\libg-musl.a(__sio_printf_doux.o) (__fmt_o_needed)
c:/program files/microchip/xc32/v4.21/bin/bin/../../lib/gcc/pic32c/8.3.1/../../../../pic32c/lib/thumb/v7e-m+fp/hard\libg-musl.a(__fmt_s.o)
                              c:/program files/microchip/xc32/v4.21/bin/bin/../../lib/gcc/pic32c/8.3.1/../../../../pic32c/lib/thumb/v7e-m+fp/hard\libg-musl.a(__sio_printf_doux.o) (__fmt_s_needed)
c:/program files/microchip/xc32/v4.21/bin/bin/../../lib/gcc/pic32c/8.3.1/../../../../pic32c/lib/thumb/v7e-m+fp/hard\libg-musl.a(__fmt_u.o)
                              c:/program files/microchip/xc32/v4.21/bin/bin/../../lib/gcc/pic32c/8.3.1/../../../../pic32c/lib/thumb/v7e-m+fp/hard\libg-musl.a(__fmt_d.o) (__cvt_u)
c:/program files/microchip/xc32/v4.21/bin/bin/../../lib/gcc/pic32c/8.3.1/../../../../pic32c/lib/thumb/v7e-m+fp/hard\libg-musl.a(__fmt_x.o)
                              c:/program files/microchip/xc32/v4.21/bin/bin/../../lib/gcc/pic32c/8.3.1/../../../../pic32c/lib/thumb/v7e-m+fp/hard\libg-musl.a(__sio_printf_doux.o) (__fmt_x_needed)
c:/program files/microchip/xc32/v4.21/bin/bin/../../lib/gcc/pic32c/8.3.1/../../../../pic32c/lib/thumb/v7e-m+fp/hard\libg-musl.a(__pop_int.o)
                              c:/program files/microchip/xc32/v4.21/bin/bin/../../lib/gcc/pic32c/8.3.1/../../../../pic32c/lib/thumb/v7e-m+fp/hard\libg-musl.a(__sio_printf_doux.o) (__pop_int_needed)
c:/program files/microchip/xc32/v4.21/bin/bin/../../lib/gcc/pic32c/8.3.1/../../../../pic32c/lib/thumb/v7e-m+fp/hard\libg-musl.a(__pop_ptr.o)
                              c:/program files/microchip/xc32/v4.21/bin/bin/../../lib/gcc/pic32c/8.3.1/../../../../pic32c/lib/thumb/v7e-m+fp/hard\libg-musl.a(__sio_printf_doux.o) (__pop_ptr_needed)
c:/program files/microchip/xc32/v4.21/bin/bin/../../lib/gcc/pic32c/8.3.1/../../../../pic32c/lib/thumb/v7e-m+fp/hard\libg-musl.a(__printf_core.o)
                              c:/program files/microchip/xc32/v4.21/bin/bin/../../lib/gcc/pic32c/8.3.1/../../../../pic32c/lib/thumb/v7e-m+fp/hard\libg-musl.a(__fmt_d.o) (__pad)
c:/program files/microchip/xc32/v4.21/bin/bin/../../lib/gcc/pic32c/8.3.1/../../../../pic32c/lib/thumb/v7e-m+fp/hard\libg-musl.a(stdin.o)
                              build/default/debug/_ext/1171490990/initialization.o (_stdin)
c:/program files/microchip/xc32/v4.21/bin/bin/../../lib/gcc/pic32c/8.3.1/../../../../pic32c/lib/thumb/v7e-m+fp/hard\libg-musl.a(stdout.o)
                              build/default/debug/_ext/1171490990/initialization.o (_stdout)
c:/program files/microchip/xc32/v4.21/bin/bin/../../lib/gcc/pic32c/8.3.1/../../../../pic32c/lib/thumb/v7e-m+fp/hard\libg-musl.a(setbuf.o)
                              build/default/debug/_ext/1171490990/initialization.o (setbuf)
c:/program files/microchip/xc32/v4.21/bin/bin/../../lib/gcc/pic32c/8.3.1/../../../../pic32c/lib/thumb/v7e-m+fp/hard\libg-musl.a(atoi.o)
[...]
Memory Configuration

Name             Origin             Length             Attributes
rom              0x00000000         0x00100000         xrl
ram              0x20000000         0x00040000         xw !r
tcm              0x03000000         0x00000000         xw
bkupram          0x47000000         0x00002000
config_00804000  0x00804000         0x00000004
config_00804008  0x00804008         0x00000004
config_00804004  0x00804004         0x00000004
*default*        0x00000000         0xffffffff

Linker script and memory map

LOAD c:/program files/microchip/xc32/v4.21/bin/bin/../../lib/gcc/pic32c/8.3.1/thumb/v7e-m+fp/hard/crti.o
LOAD c:/program files/microchip/xc32/v4.21/bin/bin/../../lib/gcc/pic32c/8.3.1/thumb/v7e-m+fp/hard/crtbegin.o
LOAD build/default/debug/_ext/1984496892/plib_clock.o
LOAD build/default/debug/_ext/1865131932/plib_cmcc.o
LOAD build/default/debug/_ext/1986646378/plib_evsys.o
LOAD build/default/debug/_ext/1865468468/plib_nvic.o
LOAD build/default/debug/_ext/1593096446/plib_nvmctrl.o
LOAD build/default/debug/_ext/1865521619/plib_port.o
LOAD build/default/debug/_ext/163028504/xc32_monitor.o
LOAD build/default/debug/_ext/1171490990/initialization.o
LOAD build/default/debug/_ext/1171490990/startup_xc32.o
LOAD build/default/debug/_ext/1171490990/interrupts.o
LOAD build/default/debug/_ext/1171490990/libc_syscalls.o
LOAD build/default/debug/_ext/1171490990/exceptions.o
LOAD build/default/debug/_ext/1360937237/main.o
LOAD build/default/debug/_ext/504274921/plib_sercom2_usart.o
LOAD build/default/debug/_ext/508257091/plib_sercom7_i2c_master.o
LOAD build/default/debug/_ext/1360937237/app.o
LOAD build/default/debug/_ext/1171490990/tasks.o
LOAD build/default/debug/drv_max30100.o
LOAD build/default/debug/_ext/1014039709/sys_cache.o
LOAD build/default/debug/_ext/1881668453/sys_int.o
                0x00000001                __MPLAB_BUILD = 0x1
                0x00100000                __rom_end = (ORIGIN (rom) + LENGTH (rom))
                0x20040000                __ram_end = (ORIGIN (ram) + LENGTH (ram))

.config_00804000
 *(.config_00804000)

.config_00804008
 *(.config_00804008)

.config_00804004
 *(.config_00804004)

.vectors        0x00000000      0x264
                0x00000000                . = ALIGN (0x4)
                0x00000000                _sfixed = .
 *(.vectors .vectors.* .vectors_default .vectors_default.*)
 .vectors.exception_table
                0x00000000      0x264 build/default/debug/_ext/1171490990/interrupts.o
                0x00000000                exception_table
 *(.isr_vector)
 *(.reset*)
 *(.after_vectors)

.text           0x00000264       0x20
                0x00000264                . = ALIGN (0x4)
 *(.glue_7t)
 .glue_7t       0x00000264        0x0 linker stubs
 *(.glue_7)
 .glue_7        0x00000264        0x0 linker stubs
 *(.gnu.linkonce.r.*)
 *(.ARM.extab* .gnu.linkonce.armextab.*)
                0x00000264                . = ALIGN (0x4)
 *(.init)
 .init          0x00000264        0x4 c:/program files/microchip/xc32/v4.21/bin/bin/../../lib/gcc/pic32c/8.3.1/thumb/v7e-m+fp/hard/crti.o
                0x00000264                _init
 .init          0x00000268        0x8 c:/program files/microchip/xc32/v4.21/bin/bin/../../lib/gcc/pic32c/8.3.1/thumb/v7e-m+fp/hard/crtn.o
                0x00000270                . = ALIGN (0x4)
                0x00000270                __preinit_array_start = .
 *(.preinit_array)
                0x00000270                __preinit_array_end = .
                0x00000270                . = ALIGN (0x4)
                0x00000270                __init_array_start = .
 *(SORT_BY_NAME(.init_array.*))
 *(.init_array)
 .init_array    0x00000270        0x4 c:/program files/microchip/xc32/v4.21/bin/bin/../../lib/gcc/pic32c/8.3.1/thumb/v7e-m+fp/hard/crtbegin.o
                0x00000274                __init_array_end = .
                0x00000274                . = ALIGN (0x4)
 *crtbegin.o(.ctors)
 *(EXCLUDE_FILE(*crtend.o) .ctors)
 *(SORT_BY_NAME(.ctors.*))
 *crtend.o(.ctors)
                0x00000274                . = ALIGN (0x4)
 *(.fini)
 .fini          0x00000274        0x4 c:/program files/microchip/xc32/v4.21/bin/bin/../../lib/gcc/pic32c/8.3.1/thumb/v7e-m+fp/hard/crti.o
                0x00000274                _fini
 .fini          0x00000278        0x8 c:/program files/microchip/xc32/v4.21/bin/bin/../../lib/gcc/pic32c/8.3.1/thumb/v7e-m+fp/hard/crtn.o
                0x00000280                . = ALIGN (0x4)
                0x00000280                __fini_array_start = .
 *(.fini_array)
 .fini_array    0x00000280        0x4 c:/program files/microchip/xc32/v4.21/bin/bin/../../lib/gcc/pic32c/8.3.1/thumb/v7e-m+fp/hard/crtbegin.o
 *(SORT_BY_NAME(.fini_array.*))
                0x00000284                __fini_array_end = .
 *crtbegin.o(.dtors)
 *(EXCLUDE_FILE(*crtend.o) .dtors)
 *(SORT_BY_NAME(.dtors.*))
 *crtend.o(.dtors)
                0x00000284                . = ALIGN (0x4)
                0x00000284                _efixed = .
                [!provide]                PROVIDE (__exidx_start = .)

.ARM.exidx      0x00000284        0x8
 *(.ARM.exidx* .gnu.linkonce.armexidx.*)
 .ARM.exidx     0x00000284        0x8 c:/program files/microchip/xc32/v4.21/bin/bin/../../lib/gcc/pic32c/8.3.1/thumb/v7e-m+fp/hard\libgcc.a(_udivmoddi4.o)
                [!provide]                PROVIDE (__exidx_end = .)
                0x0000028c                . = ALIGN (0x4)
                0x0000028c                _etext = .

.bss            0x20000000        0x0
                0x20000000                . = ALIGN (0x4)
                0x20000000                __bss_start__ = .
                0x20000000                _sbss = .
                0x20000000                _szero = .
 *(COMMON)
                0x20000000                . = ALIGN (0x4)
                0x20000000                __bss_end__ = .
                0x20000000                _ebss = .
                0x20000000                _ezero = .
                0x20000000                . = ALIGN (0x4)
                0x20000000                _end = .
                0x2003ffff                _ram_end_ = ((ORIGIN (ram) + LENGTH (ram)) - 0x1)

.bkupram_bss
 *(.bkupram_bss .bkupram_bss.*)
 *(.pbss .pbss.*)
                0x00000001                __ICD2RAM = 0x1
                0x00000001                __MPLAB_DEBUG = 0x1
                0x00000001                __DEBUG = 0x1
                0x00000200                _min_heap_size = 0x200
START GROUP
LOAD c:/program files/microchip/xc32/v4.21/bin/bin/../../lib/gcc/pic32c/8.3.1/../../../../pic32c/lib/thumb/v7e-m+fp/hard\libpic32c.a
LOAD c:/program files/microchip/xc32/v4.21/bin/bin/../../lib/gcc/pic32c/8.3.1/../../../../pic32c/lib/thumb/v7e-m+fp/hard\libm-emfloat.a
LOAD c:/program files/microchip/xc32/v4.21/bin/bin/../../lib/gcc/pic32c/8.3.1/../../../../pic32c/lib/thumb/v7e-m+fp/hard\libg-musl.a
LOAD c:/program files/microchip/xc32/v4.21/bin/bin/../../lib/gcc/pic32c/8.3.1/../../../../pic32c/lib/thumb/v7e-m+fp/hard\libc-musl.a
LOAD c:/program files/microchip/xc32/v4.21/bin/bin/../../lib/gcc/pic32c/8.3.1/../../../../pic32c/lib/thumb/v7e-m+fp/hard\libm-emfloat.a
LOAD c:/program files/microchip/xc32/v4.21/bin/bin/../../lib/gcc/pic32c/8.3.1/thumb/v7e-m+fp/hard\libgcc.a
END GROUP
LOAD c:/program files/microchip/xc32/v4.21/bin/bin/../../lib/gcc/pic32c/8.3.1/thumb/v7e-m+fp/hard/crtend.o
LOAD c:/program files/microchip/xc32/v4.21/bin/bin/../../lib/gcc/pic32c/8.3.1/thumb/v7e-m+fp/hard/crtn.o
OUTPUT(dist/default/debug/gasasg.X.debug.elf elf32-littlearm)
LOAD stack
LOAD data_init

.ARM.attributes
                0x00000000       0x34
 .ARM.attributes
                0x00000000       0x1e c:/program files/microchip/xc32/v4.21/bin/bin/../../lib/gcc/pic32c/8.3.1/thumb/v7e-m+fp/hard/crti.o
 .ARM.attributes
                0x0000001e       0x34 c:/program files/microchip/xc32/v4.21/bin/bin/../../lib/gcc/pic32c/8.3.1/thumb/v7e-m+fp/hard/crtbegin.o
 .ARM.attributes
                0x00000052       0x34 build/default/debug/_ext/1984496892/plib_clock.o
 .ARM.attributes
                0x00000086       0x34 build/default/debug/_ext/1986646378/plib_evsys.o
 .ARM.attributes
                0x000000ba       0x34 build/default/debug/_ext/1865468468/plib_nvic.o
 .ARM.attributes
                0x000000ee       0x34 build/default/debug/_ext/1593096446/plib_nvmctrl.o
 .ARM.attributes
                0x00000122       0x34 build/default/debug/_ext/1865521619/plib_port.o
 .ARM.attributes
                0x00000156       0x34 build/default/debug/_ext/163028504/xc32_monitor.o
 .ARM.attributes
                0x0000018a       0x34 build/default/debug/_ext/1171490990/initialization.o
 .ARM.attributes
                0x000001be       0x34 build/default/debug/_ext/1171490990/startup_xc32.o
 .ARM.attributes
                0x000001f2       0x34 build/default/debug/_ext/1171490990/interrupts.o
 .ARM.attributes
                0x00000226       0x34 build/default/debug/_ext/1171490990/exceptions.o
 .ARM.attributes
                0x0000025a       0x34 build/default/debug/_ext/1360937237/main.o
 .ARM.attributes
                0x0000028e       0x34 build/default/debug/_ext/504274921/plib_sercom2_usart.o
 .ARM.attributes
                0x000002c2       0x34 build/default/debug/_ext/508257091/plib_sercom7_i2c_master.o
 .ARM.attributes
                0x000002f6       0x34 build/default/debug/_ext/1360937237/app.o
 .ARM.attributes
                0x0000032a       0x34 build/default/debug/_ext/1171490990/tasks.o
 .ARM.attributes
                0x0000035e       0x34 c:/program files/microchip/xc32/v4.21/bin/bin/../../lib/gcc/pic32c/8.3.1/../../../../pic32c/lib/thumb/v7e-m+fp/hard\libpic32c.a(data_init_wrapper.o)
 .ARM.attributes
                0x00000392       0x34 c:/program files/microchip/xc32/v4.21/bin/bin/../../lib/gcc/pic32c/8.3.1/../../../../pic32c/lib/thumb/v7e-m+fp/hard\libpic32c.a(data_init_0_1.o)
 .ARM.attributes
                0x000003c6       0x36 c:/program files/microchip/xc32/v4.21/bin/bin/../../lib/gcc/pic32c/8.3.1/../../../../pic32c/lib/thumb/v7e-m+fp/hard\libg-musl.a(__libc_start_main.o)
 .ARM.attributes
                0x000003fc       0x34 c:/program files/microchip/xc32/v4.21/bin/bin/../../lib/gcc/pic32c/8.3.1/../../../../pic32c/lib/thumb/v7e-m+fp/hard\libg-musl.a(libc.o)
 .ARM.attributes
                0x00000430       0x36 c:/program files/microchip/xc32/v4.21/bin/bin/../../lib/gcc/pic32c/8.3.1/../../../../pic32c/lib/thumb/v7e-m+fp/hard\libg-musl.a(__sio_printf_doux.o)
 .ARM.attributes
                0x00000466       0x36 c:/program files/microchip/xc32/v4.21/bin/bin/../../lib/gcc/pic32c/8.3.1/../../../../pic32c/lib/thumb/v7e-m+fp/hard\libg-musl.a(__fmt_d.o)
 .ARM.attributes
                0x0000049c       0x36 c:/program files/microchip/xc32/v4.21/bin/bin/../../lib/gcc/pic32c/8.3.1/../../../../pic32c/lib/thumb/v7e-m+fp/hard\libg-musl.a(__fmt_o.o)
 .ARM.attributes
                0x000004d2       0x36 c:/program files/microchip/xc32/v4.21/bin/bin/../../lib/gcc/pic32c/8.3.1/../../../../pic32c/lib/thumb/v7e-m+fp/hard\libg-musl.a(__fmt_s.o)
 .ARM.attributes
                0x00000508       0x36 c:/program files/microchip/xc32/v4.21/bin/bin/../../lib/gcc/pic32c/8.3.1/../../../../pic32c/lib/thumb/v7e-m+fp/hard\libg-musl.a(__fmt_u.o)
 .ARM.attributes
                0x0000053e       0x36 c:/program files/microchip/xc32/v4.21/bin/bin/../../lib/gcc/pic32c/8.3.1/../../../../pic32c/lib/thumb/v7e-m+fp/hard\libg-musl.a(__fmt_x.o)
 .ARM.attributes
                0x00000574       0x36 c:/program files/microchip/xc32/v4.21/bin/bin/../../lib/gcc/pic32c/8.3.1/../../../../pic32c/lib/thumb/v7e-m+fp/hard\libg-musl.a(__pop_int.o)
 .ARM.attributes
                0x000005aa       0x36 c:/program files/microchip/xc32/v4.21/bin/bin/../../lib/gcc/pic32c/8.3.1/../../../../pic32c/lib/thumb/v7e-m+fp/hard\libg-musl.a(__pop_ptr.o)
 .ARM.attributes
                0x000005e0       0x36 c:/program files/microchip/xc32/v4.21/bin/bin/../../lib/gcc/pic32c/8.3.1/../../../../pic32c/lib/thumb/v7e-m+fp/hard\libg-musl.a(__printf_core.o)
 .ARM.attributes
                0x00000616       0x36 c:/program files/microchip/xc32/v4.21/bin/bin/../../lib/gcc/pic32c/8.3.1/../../../../pic32c/lib/thumb/v7e-m+fp/hard\libg-musl.a(stdin.o)
 .ARM.attributes
                0x0000064c       0x36 c:/program files/microchip/xc32/v4.21/bin/bin/../../lib/gcc/pic32c/8.3.1/../../../../pic32c/lib/thumb/v7e-m+fp/hard\libg-musl.a(stdout.o)
 .ARM.attributes
                0x00000682       0x36 c:/program files/microchip/xc32/v4.21/bin/bin/../../lib/gcc/pic32c/8.3.1/../../../../pic32c/lib/thumb/v7e-m+fp/hard\libg-musl.a(setbuf.o)
 .ARM.attributes
                0x000006b8       0x36 c:/program files/microchip/xc32/v4.21/bin/bin/../../lib/gcc/pic32c/8.3.1/../../../../pic32c/lib/thumb/v7e-m+fp/hard\libg-musl.a(atoi.o)
 .ARM.attributes
                0x000006ee       0x36 c:/program files/microchip/xc32/v4.21/bin/bin/../../lib/gcc/pic32c/8.3.1/../../../../pic32c/lib/thumb/v7e-m+fp/hard\libg-musl.a(memcpy.o)
 .ARM.attributes
                0x00000724       0x36 c:/program files/microchip/xc32/v4.21/bin/bin/../../lib/gcc/pic32c/8.3.1/../../../../pic32c/lib/thumb/v7e-m+fp/hard\libg-musl.a(memset.o)
 .ARM.attributes
                0x0000075a       0x36 c:/program files/microchip/xc32/v4.21/bin/bin/../../lib/gcc/pic32c/8.3.1/../../../../pic32c/lib/thumb/v7e-m+fp/hard\libg-musl.a(strlen.o)
 .ARM.attributes
                0x00000790       0x36 c:/program files/microchip/xc32/v4.21/bin/bin/../../lib/gcc/pic32c/8.3.1/../../../../pic32c/lib/thumb/v7e-m+fp/hard\libg-musl.a(tolower.o)
 .ARM.attributes
                0x000007c6       0x36 c:/program files/microchip/xc32/v4.21/bin/bin/../../lib/gcc/pic32c/8.3.1/../../../../pic32c/lib/thumb/v7e-m+fp/hard\libg-musl.a(toupper.o)
 .ARM.attributes
                0x000007fc       0x34 c:/program files/microchip/xc32/v4.21/bin/bin/../../lib/gcc/pic32c/8.3.1/../../../../pic32c/lib/thumb/v7e-m+fp/hard\libg-musl.a(__environ.o)
 .ARM.attributes
                0x00000830       0x34 c:/program files/microchip/xc32/v4.21/bin/bin/../../lib/gcc/pic32c/8.3.1/../../../../pic32c/lib/thumb/v7e-m+fp/hard\libg-musl.a(__errno_location.o)
 .ARM.attributes
                0x00000864       0x36 c:/program files/microchip/xc32/v4.21/bin/bin/../../lib/gcc/pic32c/8.3.1/../../../../pic32c/lib/thumb/v7e-m+fp/hard\libg-musl.a(__int_vfprintf.o)
 .ARM.attributes
                0x0000089a       0x36 c:/program files/microchip/xc32/v4.21/bin/bin/../../lib/gcc/pic32c/8.3.1/../../../../pic32c/lib/thumb/v7e-m+fp/hard\libg-musl.a(__pop_float.o)
 .ARM.attributes
                0x000008d0       0x36 c:/program files/microchip/xc32/v4.21/bin/bin/../../lib/gcc/pic32c/8.3.1/../../../../pic32c/lib/thumb/v7e-m+fp/hard\libg-musl.a(__stdio_read.o)
 .ARM.attributes
                0x00000906       0x36 c:/program files/microchip/xc32/v4.21/bin/bin/../../lib/gcc/pic32c/8.3.1/../../../../pic32c/lib/thumb/v7e-m+fp/hard\libg-musl.a(__towrite_rw.o)
 .ARM.attributes
                0x0000093c       0x36 c:/program files/microchip/xc32/v4.21/bin/bin/../../lib/gcc/pic32c/8.3.1/../../../../pic32c/lib/thumb/v7e-m+fp/hard\libg-musl.a(setvbuf.o)
 .ARM.attributes
                0x00000972       0x36 c:/program files/microchip/xc32/v4.21/bin/bin/../../lib/gcc/pic32c/8.3.1/../../../../pic32c/lib/thumb/v7e-m+fp/hard\libg-musl.a(readv.o)
 .ARM.attributes
                0x000009a8       0x36 c:/program files/microchip/xc32/v4.21/bin/bin/../../lib/gcc/pic32c/8.3.1/../../../../pic32c/lib/thumb/v7e-m+fp/hard\libg-musl.a(malloc.o)
 .ARM.attributes
                0x000009de       0x36 c:/program files/microchip/xc32/v4.21/bin/bin/../../lib/gcc/pic32c/8.3.1/../../../../pic32c/lib/thumb/v7e-m+fp/hard\libg-musl.a(expand_heap.o)
 .ARM.attributes
                0x00000a14       0x36 c:/program files/microchip/xc32/v4.21/bin/bin/../../lib/gcc/pic32c/8.3.1/../../../../pic32c/lib/thumb/v7e-m+fp/hard\libg-musl.a(__init_stdio.o)
 .ARM.attributes
                0x00000a4a       0x36 c:/program files/microchip/xc32/v4.21/bin/bin/../../lib/gcc/pic32c/8.3.1/../../../../pic32c/lib/thumb/v7e-m+fp/hard\libg-musl.a(__out.o)
 .ARM.attributes
                0x00000a80       0x36 c:/program files/microchip/xc32/v4.21/bin/bin/../../lib/gcc/pic32c/8.3.1/../../../../pic32c/lib/thumb/v7e-m+fp/hard\libg-musl.a(__stderr.o)
 .ARM.attributes
                0x00000ab6       0x36 c:/program files/microchip/xc32/v4.21/bin/bin/../../lib/gcc/pic32c/8.3.1/../../../../pic32c/lib/thumb/v7e-m+fp/hard\libg-musl.a(__stdio_close.o)
 .ARM.attributes
                0x00000aec       0x36 c:/program files/microchip/xc32/v4.21/bin/bin/../../lib/gcc/pic32c/8.3.1/../../../../pic32c/lib/thumb/v7e-m+fp/hard\libg-musl.a(__stdio_write.o)
 .ARM.attributes
                0x00000b22       0x36 c:/program files/microchip/xc32/v4.21/bin/bin/../../lib/gcc/pic32c/8.3.1/../../../../pic32c/lib/thumb/v7e-m+fp/hard\libg-musl.a(__stdout.o)
 .ARM.attributes
                0x00000b58       0x36 c:/program files/microchip/xc32/v4.21/bin/bin/../../lib/gcc/pic32c/8.3.1/../../../../pic32c/lib/thumb/v7e-m+fp/hard\libg-musl.a(__towrite.o)
 .ARM.attributes
                0x00000b8e       0x36 c:/program files/microchip/xc32/v4.21/bin/bin/../../lib/gcc/pic32c/8.3.1/../../../../pic32c/lib/thumb/v7e-m+fp/hard\libg-musl.a(writev.o)
 .ARM.attributes
                0x00000bc4       0x36 c:/program files/microchip/xc32/v4.21/bin/bin/../../lib/gcc/pic32c/8.3.1/../../../../pic32c/lib/thumb/v7e-m+fp/hard\libg-musl.a(__fwrite.o)
 .ARM.attributes
                0x00000bfa       0x1e c:/program files/microchip/xc32/v4.21/bin/bin/../../lib/gcc/pic32c/8.3.1/thumb/v7e-m+fp/hard\libgcc.a(_aeabi_uldivmod.o)
 .ARM.attributes
                0x00000c18       0x34 c:/program files/microchip/xc32/v4.21/bin/bin/../../lib/gcc/pic32c/8.3.1/thumb/v7e-m+fp/hard\libgcc.a(_udivmoddi4.o)
 .ARM.attributes
                0x00000c4c       0x1e c:/program files/microchip/xc32/v4.21/bin/bin/../../lib/gcc/pic32c/8.3.1/thumb/v7e-m+fp/hard\libgcc.a(_dvmd_tls.o)
 .ARM.attributes
                0x00000c6a       0x34 c:/program files/microchip/xc32/v4.21/bin/bin/../../lib/gcc/pic32c/8.3.1/../../../../pic32c/lib/thumb/v7e-m+fp/hard\libpic32c.a(close.o)
 .ARM.attributes
                0x00000c9e       0x34 c:/program files/microchip/xc32/v4.21/bin/bin/../../lib/gcc/pic32c/8.3.1/../../../../pic32c/lib/thumb/v7e-m+fp/hard\libpic32c.a(lseek.o)
 .ARM.attributes
                0x00000cd2       0x34 c:/program files/microchip/xc32/v4.21/bin/bin/../../lib/gcc/pic32c/8.3.1/../../../../pic32c/lib/thumb/v7e-m+fp/hard\libpic32c.a(sbrk.o)
 .ARM.attributes
                0x00000d06       0x1e c:/program files/microchip/xc32/v4.21/bin/bin/../../lib/gcc/pic32c/8.3.1/thumb/v7e-m+fp/hard/crtn.o

.comment        0x00000000       0x2b
 .comment       0x00000000       0x2b c:/program files/microchip/xc32/v4.21/bin/bin/../../lib/gcc/pic32c/8.3.1/thumb/v7e-m+fp/hard/crtbegin.o
                                 0x2c (size before relaxing)
 .comment       0x0000002b       0x2c build/default/debug/_ext/1984496892/plib_clock.o
 .comment       0x0000002b       0x2c build/default/debug/_ext/1986646378/plib_evsys.o
 .comment       0x0000002b       0x2c build/default/debug/_ext/1865468468/plib_nvic.o
 .comment       0x0000002b       0x2c build/default/debug/_ext/1593096446/plib_nvmctrl.o
 .comment       0x0000002b       0x2c build/default/debug/_ext/1865521619/plib_port.o
 .comment       0x0000002b       0x2c build/default/debug/_ext/163028504/xc32_monitor.o
 .comment       0x0000002b       0x2c build/default/debug/_ext/1171490990/initialization.o
 .comment       0x0000002b       0x2c build/default/debug/_ext/1171490990/startup_xc32.o
 .comment       0x0000002b       0x2c build/default/debug/_ext/1171490990/interrupts.o
 .comment       0x0000002b       0x2c build/default/debug/_ext/1171490990/exceptions.o
 .comment       0x0000002b       0x2c build/default/debug/_ext/1360937237/main.o
 .comment       0x0000002b       0x2c build/default/debug/_ext/504274921/plib_sercom2_usart.o
 .comment       0x0000002b       0x2c build/default/debug/_ext/508257091/plib_sercom7_i2c_master.o
 .comment       0x0000002b       0x2c build/default/debug/_ext/1360937237/app.o
 .comment       0x0000002b       0x2c build/default/debug/_ext/1171490990/tasks.o
 .comment       0x0000002b       0x2c c:/program files/microchip/xc32/v4.21/bin/bin/../../lib/gcc/pic32c/8.3.1/../../../../pic32c/lib/thumb/v7e-m+fp/hard\libpic32c.a(data_init_wrapper.o)
 .comment       0x0000002b       0x2c c:/program files/microchip/xc32/v4.21/bin/bin/../../lib/gcc/pic32c/8.3.1/../../../../pic32c/lib/thumb/v7e-m+fp/hard\libpic32c.a(data_init_0_1.o)
 .comment       0x0000002b       0x2c c:/program files/microchip/xc32/v4.21/bin/bin/../../lib/gcc/pic32c/8.3.1/../../../../pic32c/lib/thumb/v7e-m+fp/hard\libg-musl.a(__libc_start_main.o)
 .comment       0x0000002b       0x2c c:/program files/microchip/xc32/v4.21/bin/bin/../../lib/gcc/pic32c/8.3.1/../../../../pic32c/lib/thumb/v7e-m+fp/hard\libg-musl.a(libc.o)
 .comment       0x0000002b       0x2c c:/program files/microchip/xc32/v4.21/bin/bin/../../lib/gcc/pic32c/8.3.1/../../../../pic32c/lib/thumb/v7e-m+fp/hard\libg-musl.a(__sio_printf_doux.o)
 .comment       0x0000002b       0x2c c:/program files/microchip/xc32/v4.21/bin/bin/../../lib/gcc/pic32c/8.3.1/../../../../pic32c/lib/thumb/v7e-m+fp/hard\libg-musl.a(__fmt_d.o)
 .comment       0x0000002b       0x2c c:/program files/microchip/xc32/v4.21/bin/bin/../../lib/gcc/pic32c/8.3.1/../../../../pic32c/lib/thumb/v7e-m+fp/hard\libg-musl.a(__fmt_o.o)
 .comment       0x0000002b       0x2c c:/program files/microchip/xc32/v4.21/bin/bin/../../lib/gcc/pic32c/8.3.1/../../../../pic32c/lib/thumb/v7e-m+fp/hard\libg-musl.a(__fmt_s.o)
 .comment       0x0000002b       0x2c c:/program files/microchip/xc32/v4.21/bin/bin/../../lib/gcc/pic32c/8.3.1/../../../../pic32c/lib/thumb/v7e-m+fp/hard\libg-musl.a(__fmt_u.o)
 .comment       0x0000002b       0x2c c:/program files/microchip/xc32/v4.21/bin/bin/../../lib/gcc/pic32c/8.3.1/../../../../pic32c/lib/thumb/v7e-m+fp/hard\libg-musl.a(__fmt_x.o)
 .comment       0x0000002b       0x2c c:/program files/microchip/xc32/v4.21/bin/bin/../../lib/gcc/pic32c/8.3.1/../../../../pic32c/lib/thumb/v7e-m+fp/hard\libg-musl.a(__pop_int.o)
 .comment       0x0000002b       0x2c c:/program files/microchip/xc32/v4.21/bin/bin/../../lib/gcc/pic32c/8.3.1/../../../../pic32c/lib/thumb/v7e-m+fp/hard\libg-musl.a(__pop_ptr.o)
 .comment       0x0000002b       0x2c c:/program files/microchip/xc32/v4.21/bin/bin/../../lib/gcc/pic32c/8.3.1/../../../../pic32c/lib/thumb/v7e-m+fp/hard\libg-musl.a(__printf_core.o)
 .comment       0x0000002b       0x2c c:/program files/microchip/xc32/v4.21/bin/bin/../../lib/gcc/pic32c/8.3.1/../../../../pic32c/lib/thumb/v7e-m+fp/hard\libg-musl.a(stdin.o)
 .comment       0x0000002b       0x2c c:/program files/microchip/xc32/v4.21/bin/bin/../../lib/gcc/pic32c/8.3.1/../../../../pic32c/lib/thumb/v7e-m+fp/hard\libg-musl.a(stdout.o)
 .comment       0x0000002b       0x2c c:/program files/microchip/xc32/v4.21/bin/bin/../../lib/gcc/pic32c/8.3.1/../../../../pic32c/lib/thumb/v7e-m+fp/hard\libg-musl.a(setbuf.o)
 .comment       0x0000002b       0x2c c:/program files/microchip/xc32/v4.21/bin/bin/../../lib/gcc/pic32c/8.3.1/../../../../pic32c/lib/thumb/v7e-m+fp/hard\libg-musl.a(atoi.o)
 .comment       0x0000002b       0x2c c:/program files/microchip/xc32/v4.21/bin/bin/../../lib/gcc/pic32c/8.3.1/../../../../pic32c/lib/thumb/v7e-m+fp/hard\libg-musl.a(memcpy.o)
 .comment       0x0000002b       0x2c c:/program files/microchip/xc32/v4.21/bin/bin/../../lib/gcc/pic32c/8.3.1/../../../../pic32c/lib/thumb/v7e-m+fp/hard\libg-musl.a(memset.o)
 .comment       0x0000002b       0x2c c:/program files/microchip/xc32/v4.21/bin/bin/../../lib/gcc/pic32c/8.3.1/../../../../pic32c/lib/thumb/v7e-m+fp/hard\libg-musl.a(strlen.o)
 .comment       0x0000002b       0x2c c:/program files/microchip/xc32/v4.21/bin/bin/../../lib/gcc/pic32c/8.3.1/../../../../pic32c/lib/thumb/v7e-m+fp/hard\libg-musl.a(tolower.o)
 .comment       0x0000002b       0x2c c:/program files/microchip/xc32/v4.21/bin/bin/../../lib/gcc/pic32c/8.3.1/../../../../pic32c/lib/thumb/v7e-m+fp/hard\libg-musl.a(toupper.o)
 .comment       0x0000002b       0x2c c:/program files/microchip/xc32/v4.21/bin/bin/../../lib/gcc/pic32c/8.3.1/../../../../pic32c/lib/thumb/v7e-m+fp/hard\libg-musl.a(__environ.o)
 .comment       0x0000002b       0x2c c:/program files/microchip/xc32/v4.21/bin/bin/../../lib/gcc/pic32c/8.3.1/../../../../pic32c/lib/thumb/v7e-m+fp/hard\libg-musl.a(__errno_location.o)
 .comment       0x0000002b       0x2c c:/program files/microchip/xc32/v4.21/bin/bin/../../lib/gcc/pic32c/8.3.1/../../../../pic32c/lib/thumb/v7e-m+fp/hard\libg-musl.a(__int_vfprintf.o)
 .comment       0x0000002b       0x2c c:/program files/microchip/xc32/v4.21/bin/bin/../../lib/gcc/pic32c/8.3.1/../../../../pic32c/lib/thumb/v7e-m+fp/hard\libg-musl.a(__pop_float.o)
 .comment       0x0000002b       0x2c c:/program files/microchip/xc32/v4.21/bin/bin/../../lib/gcc/pic32c/8.3.1/../../../../pic32c/lib/thumb/v7e-m+fp/hard\libg-musl.a(__stdio_read.o)
 .comment       0x0000002b       0x2c c:/program files/microchip/xc32/v4.21/bin/bin/../../lib/gcc/pic32c/8.3.1/../../../../pic32c/lib/thumb/v7e-m+fp/hard\libg-musl.a(__towrite_rw.o)
 .comment       0x0000002b       0x2c c:/program files/microchip/xc32/v4.21/bin/bin/../../lib/gcc/pic32c/8.3.1/../../../../pic32c/lib/thumb/v7e-m+fp/hard\libg-musl.a(setvbuf.o)
 .comment       0x0000002b       0x2c c:/program files/microchip/xc32/v4.21/bin/bin/../../lib/gcc/pic32c/8.3.1/../../../../pic32c/lib/thumb/v7e-m+fp/hard\libg-musl.a(readv.o)
 .comment       0x0000002b       0x2c c:/program files/microchip/xc32/v4.21/bin/bin/../../lib/gcc/pic32c/8.3.1/../../../../pic32c/lib/thumb/v7e-m+fp/hard\libg-musl.a(malloc.o)
 .comment       0x0000002b       0x2c c:/program files/microchip/xc32/v4.21/bin/bin/../../lib/gcc/pic32c/8.3.1/../../../../pic32c/lib/thumb/v7e-m+fp/hard\libg-musl.a(expand_heap.o)
 .comment       0x0000002b       0x2c c:/program files/microchip/xc32/v4.21/bin/bin/../../lib/gcc/pic32c/8.3.1/../../../../pic32c/lib/thumb/v7e-m+fp/hard\libg-musl.a(__init_stdio.o)
 .comment       0x0000002b       0x2c c:/program files/microchip/xc32/v4.21/bin/bin/../../lib/gcc/pic32c/8.3.1/../../../../pic32c/lib/thumb/v7e-m+fp/hard\libg-musl.a(__out.o)
 .comment       0x0000002b       0x2c c:/program files/microchip/xc32/v4.21/bin/bin/../../lib/gcc/pic32c/8.3.1/../../../../pic32c/lib/thumb/v7e-m+fp/hard\libg-musl.a(__stderr.o)
 .comment       0x0000002b       0x2c c:/program files/microchip/xc32/v4.21/bin/bin/../../lib/gcc/pic32c/8.3.1/../../../../pic32c/lib/thumb/v7e-m+fp/hard\libg-musl.a(__stdio_close.o)
 .comment       0x0000002b       0x2c c:/program files/microchip/xc32/v4.21/bin/bin/../../lib/gcc/pic32c/8.3.1/../../../../pic32c/lib/thumb/v7e-m+fp/hard\libg-musl.a(__stdio_write.o)
 .comment       0x0000002b       0x2c c:/program files/microchip/xc32/v4.21/bin/bin/../../lib/gcc/pic32c/8.3.1/../../../../pic32c/lib/thumb/v7e-m+fp/hard\libg-musl.a(__stdout.o)
 .comment       0x0000002b       0x2c c:/program files/microchip/xc32/v4.21/bin/bin/../../lib/gcc/pic32c/8.3.1/../../../../pic32c/lib/thumb/v7e-m+fp/hard\libg-musl.a(__towrite.o)
 .comment       0x0000002b       0x2c c:/program files/microchip/xc32/v4.21/bin/bin/../../lib/gcc/pic32c/8.3.1/../../../../pic32c/lib/thumb/v7e-m+fp/hard\libg-musl.a(writev.o)
 .comment       0x0000002b       0x2c c:/program files/microchip/xc32/v4.21/bin/bin/../../lib/gcc/pic32c/8.3.1/../../../../pic32c/lib/thumb/v7e-m+fp/hard\libg-musl.a(__fwrite.o)
 .comment       0x0000002b       0x2c c:/program files/microchip/xc32/v4.21/bin/bin/../../lib/gcc/pic32c/8.3.1/thumb/v7e-m+fp/hard\libgcc.a(_udivmoddi4.o)
 .comment       0x0000002b       0x2c c:/program files/microchip/xc32/v4.21/bin/bin/../../lib/gcc/pic32c/8.3.1/../../../../pic32c/lib/thumb/v7e-m+fp/hard\libpic32c.a(close.o)
 .comment       0x0000002b       0x2c c:/program files/microchip/xc32/v4.21/bin/bin/../../lib/gcc/pic32c/8.3.1/../../../../pic32c/lib/thumb/v7e-m+fp/hard\libpic32c.a(lseek.o)
 .comment       0x0000002b       0x2c c:/program files/microchip/xc32/v4.21/bin/bin/../../lib/gcc/pic32c/8.3.1/../../../../pic32c/lib/thumb/v7e-m+fp/hard\libpic32c.a(sbrk.o)

.debug_info     0x00000000    0x190da
 .debug_info    0x00000000      0xb5c build/default/debug/_ext/1984496892/plib_clock.o
 .debug_info    0x00000b5c      0x318 build/default/debug/_ext/1986646378/plib_evsys.o
 .debug_info    0x00000e74     0x14f9 build/default/debug/_ext/1865468468/plib_nvic.o
 .debug_info    0x0000236d      0xe57 build/default/debug/_ext/1593096446/plib_nvmctrl.o
 .debug_info    0x000031c4     0x10bf build/default/debug/_ext/1865521619/plib_port.o
 .debug_info    0x00004283      0x457 build/default/debug/_ext/163028504/xc32_monitor.o
 .debug_info    0x000046da      0xb04 build/default/debug/_ext/1171490990/initialization.o
 .debug_info    0x000051de      0x893 build/default/debug/_ext/1171490990/startup_xc32.o
 .debug_info    0x00005a71     0x16d9 build/default/debug/_ext/1171490990/interrupts.o
 .debug_info    0x0000714a      0x3da build/default/debug/_ext/1171490990/exceptions.o
 .debug_info    0x00007524      0x331 build/default/debug/_ext/1360937237/main.o
 .debug_info    0x00007855     0x1535 build/default/debug/_ext/504274921/plib_sercom2_usart.o
 .debug_info    0x00008d8a     0x1893 build/default/debug/_ext/508257091/plib_sercom7_i2c_master.o
 .debug_info    0x0000a61d      0x69a build/default/debug/_ext/1360937237/app.o
 .debug_info    0x0000acb7      0x321 build/default/debug/_ext/1171490990/tasks.o
 .debug_info    0x0000afd8      0x2a0 c:/program files/microchip/xc32/v4.21/bin/bin/../../lib/gcc/pic32c/8.3.1/../../../../pic32c/lib/thumb/v7e-m+fp/hard\libpic32c.a(data_init_wrapper.o)
 .debug_info    0x0000b278      0x2a3 c:/program files/microchip/xc32/v4.21/bin/bin/../../lib/gcc/pic32c/8.3.1/../../../../pic32c/lib/thumb/v7e-m+fp/hard\libpic32c.a(data_init_0_1.o)
 .debug_info    0x0000b51b      0x621 c:/program files/microchip/xc32/v4.21/bin/bin/../../lib/gcc/pic32c/8.3.1/../../../../pic32c/lib/thumb/v7e-m+fp/hard\libg-musl.a(__libc_start_main.o)
 .debug_info    0x0000bb3c      0x533 c:/program files/microchip/xc32/v4.21/bin/bin/../../lib/gcc/pic32c/8.3.1/../../../../pic32c/lib/thumb/v7e-m+fp/hard\libg-musl.a(libc.o)
 .debug_info    0x0000c06f      0x498 c:/program files/microchip/xc32/v4.21/bin/bin/../../lib/gcc/pic32c/8.3.1/../../../../pic32c/lib/thumb/v7e-m+fp/hard\libg-musl.a(__sio_printf_doux.o)
 .debug_info    0x0000c507      0x5c0 c:/program files/microchip/xc32/v4.21/bin/bin/../../lib/gcc/pic32c/8.3.1/../../../../pic32c/lib/thumb/v7e-m+fp/hard\libg-musl.a(__fmt_d.o)
 .debug_info    0x0000cac7      0x591 c:/program files/microchip/xc32/v4.21/bin/bin/../../lib/gcc/pic32c/8.3.1/../../../../pic32c/lib/thumb/v7e-m+fp/hard\libg-musl.a(__fmt_o.o)
 .debug_info    0x0000d058      0x535 c:/program files/microchip/xc32/v4.21/bin/bin/../../lib/gcc/pic32c/8.3.1/../../../../pic32c/lib/thumb/v7e-m+fp/hard\libg-musl.a(__fmt_s.o)
 .debug_info    0x0000d58d      0x65e c:/program files/microchip/xc32/v4.21/bin/bin/../../lib/gcc/pic32c/8.3.1/../../../../pic32c/lib/thumb/v7e-m+fp/hard\libg-musl.a(__fmt_u.o)
 .debug_info    0x0000dbeb      0x5ff c:/program files/microchip/xc32/v4.21/bin/bin/../../lib/gcc/pic32c/8.3.1/../../../../pic32c/lib/thumb/v7e-m+fp/hard\libg-musl.a(__fmt_x.o)
 .debug_info    0x0000e1ea      0x3ff c:/program files/microchip/xc32/v4.21/bin/bin/../../lib/gcc/pic32c/8.3.1/../../../../pic32c/lib/thumb/v7e-m+fp/hard\libg-musl.a(__pop_int.o)
 .debug_info    0x0000e5e9      0x405 c:/program files/microchip/xc32/v4.21/bin/bin/../../lib/gcc/pic32c/8.3.1/../../../../pic32c/lib/thumb/v7e-m+fp/hard\libg-musl.a(__pop_ptr.o)
 .debug_info    0x0000e9ee      0xd31 c:/program files/microchip/xc32/v4.21/bin/bin/../../lib/gcc/pic32c/8.3.1/../../../../pic32c/lib/thumb/v7e-m+fp/hard\libg-musl.a(__printf_core.o)
 .debug_info    0x0000f71f      0x6be c:/program files/microchip/xc32/v4.21/bin/bin/../../lib/gcc/pic32c/8.3.1/../../../../pic32c/lib/thumb/v7e-m+fp/hard\libg-musl.a(stdin.o)
 .debug_info    0x0000fddd      0x481 c:/program files/microchip/xc32/v4.21/bin/bin/../../lib/gcc/pic32c/8.3.1/../../../../pic32c/lib/thumb/v7e-m+fp/hard\libg-musl.a(stdout.o)
 .debug_info    0x0001025e      0x2e1 c:/program files/microchip/xc32/v4.21/bin/bin/../../lib/gcc/pic32c/8.3.1/../../../../pic32c/lib/thumb/v7e-m+fp/hard\libg-musl.a(setbuf.o)
 .debug_info    0x0001053f      0x2f9 c:/program files/microchip/xc32/v4.21/bin/bin/../../lib/gcc/pic32c/8.3.1/../../../../pic32c/lib/thumb/v7e-m+fp/hard\libg-musl.a(atoi.o)
 .debug_info    0x00010838      0x2ef c:/program files/microchip/xc32/v4.21/bin/bin/../../lib/gcc/pic32c/8.3.1/../../../../pic32c/lib/thumb/v7e-m+fp/hard\libg-musl.a(memcpy.o)
 .debug_info    0x00010b27      0x2b3 c:/program files/microchip/xc32/v4.21/bin/bin/../../lib/gcc/pic32c/8.3.1/../../../../pic32c/lib/thumb/v7e-m+fp/hard\libg-musl.a(memset.o)
 .debug_info    0x00010dda      0x2a4 c:/program files/microchip/xc32/v4.21/bin/bin/../../lib/gcc/pic32c/8.3.1/../../../../pic32c/lib/thumb/v7e-m+fp/hard\libg-musl.a(strlen.o)
 .debug_info    0x0001107e      0x351 c:/program files/microchip/xc32/v4.21/bin/bin/../../lib/gcc/pic32c/8.3.1/../../../../pic32c/lib/thumb/v7e-m+fp/hard\libg-musl.a(tolower.o)
 .debug_info    0x000113cf      0x351 c:/program files/microchip/xc32/v4.21/bin/bin/../../lib/gcc/pic32c/8.3.1/../../../../pic32c/lib/thumb/v7e-m+fp/hard\libg-musl.a(toupper.o)
 .debug_info    0x00011720      0x2ad c:/program files/microchip/xc32/v4.21/bin/bin/../../lib/gcc/pic32c/8.3.1/../../../../pic32c/lib/thumb/v7e-m+fp/hard\libg-musl.a(__environ.o)
 .debug_info    0x000119cd      0x271 c:/program files/microchip/xc32/v4.21/bin/bin/../../lib/gcc/pic32c/8.3.1/../../../../pic32c/lib/thumb/v7e-m+fp/hard\libg-musl.a(__errno_location.o)
 .debug_info    0x00011c3e      0x477 c:/program files/microchip/xc32/v4.21/bin/bin/../../lib/gcc/pic32c/8.3.1/../../../../pic32c/lib/thumb/v7e-m+fp/hard\libg-musl.a(__int_vfprintf.o)
 .debug_info    0x000120b5      0x3db c:/program files/microchip/xc32/v4.21/bin/bin/../../lib/gcc/pic32c/8.3.1/../../../../pic32c/lib/thumb/v7e-m+fp/hard\libg-musl.a(__pop_float.o)
 .debug_info    0x00012490      0x6a8 c:/program files/microchip/xc32/v4.21/bin/bin/../../lib/gcc/pic32c/8.3.1/../../../../pic32c/lib/thumb/v7e-m+fp/hard\libg-musl.a(__stdio_read.o)
 .debug_info    0x00012b38      0x5d7 c:/program files/microchip/xc32/v4.21/bin/bin/../../lib/gcc/pic32c/8.3.1/../../../../pic32c/lib/thumb/v7e-m+fp/hard\libg-musl.a(__towrite_rw.o)
 .debug_info    0x0001310f      0x54b c:/program files/microchip/xc32/v4.21/bin/bin/../../lib/gcc/pic32c/8.3.1/../../../../pic32c/lib/thumb/v7e-m+fp/hard\libg-musl.a(setvbuf.o)
 .debug_info    0x0001365a      0x364 c:/program files/microchip/xc32/v4.21/bin/bin/../../lib/gcc/pic32c/8.3.1/../../../../pic32c/lib/thumb/v7e-m+fp/hard\libg-musl.a(readv.o)
 .debug_info    0x000139be     0x13a3 c:/program files/microchip/xc32/v4.21/bin/bin/../../lib/gcc/pic32c/8.3.1/../../../../pic32c/lib/thumb/v7e-m+fp/hard\libg-musl.a(malloc.o)
 .debug_info    0x00014d61      0x37a c:/program files/microchip/xc32/v4.21/bin/bin/../../lib/gcc/pic32c/8.3.1/../../../../pic32c/lib/thumb/v7e-m+fp/hard\libg-musl.a(expand_heap.o)
 .debug_info    0x000150db      0x32a c:/program files/microchip/xc32/v4.21/bin/bin/../../lib/gcc/pic32c/8.3.1/../../../../pic32c/lib/thumb/v7e-m+fp/hard\libg-musl.a(__init_stdio.o)
 .debug_info    0x00015405      0x536 c:/program files/microchip/xc32/v4.21/bin/bin/../../lib/gcc/pic32c/8.3.1/../../../../pic32c/lib/thumb/v7e-m+fp/hard\libg-musl.a(__out.o)
 .debug_info    0x0001593b      0x662 c:/program files/microchip/xc32/v4.21/bin/bin/../../lib/gcc/pic32c/8.3.1/../../../../pic32c/lib/thumb/v7e-m+fp/hard\libg-musl.a(__stderr.o)
 .debug_info    0x00015f9d      0x6c2 c:/program files/microchip/xc32/v4.21/bin/bin/../../lib/gcc/pic32c/8.3.1/../../../../pic32c/lib/thumb/v7e-m+fp/hard\libg-musl.a(__stdio_close.o)
 .debug_info    0x0001665f      0x6f5 c:/program files/microchip/xc32/v4.21/bin/bin/../../lib/gcc/pic32c/8.3.1/../../../../pic32c/lib/thumb/v7e-m+fp/hard\libg-musl.a(__stdio_write.o)
 .debug_info    0x00016d54      0x662 c:/program files/microchip/xc32/v4.21/bin/bin/../../lib/gcc/pic32c/8.3.1/../../../../pic32c/lib/thumb/v7e-m+fp/hard\libg-musl.a(__stdout.o)
 .debug_info    0x000173b6      0x4f3 c:/program files/microchip/xc32/v4.21/bin/bin/../../lib/gcc/pic32c/8.3.1/../../../../pic32c/lib/thumb/v7e-m+fp/hard\libg-musl.a(__towrite.o)
 .debug_info    0x000178a9      0x368 c:/program files/microchip/xc32/v4.21/bin/bin/../../lib/gcc/pic32c/8.3.1/../../../../pic32c/lib/thumb/v7e-m+fp/hard\libg-musl.a(writev.o)
 .debug_info    0x00017c11      0x544 c:/program files/microchip/xc32/v4.21/bin/bin/../../lib/gcc/pic32c/8.3.1/../../../../pic32c/lib/thumb/v7e-m+fp/hard\libg-musl.a(__fwrite.o)
 .debug_info    0x00018155       0x26 c:/program files/microchip/xc32/v4.21/bin/bin/../../lib/gcc/pic32c/8.3.1/thumb/v7e-m+fp/hard\libgcc.a(_aeabi_uldivmod.o)
 .debug_info    0x0001817b      0x7c0 c:/program files/microchip/xc32/v4.21/bin/bin/../../lib/gcc/pic32c/8.3.1/thumb/v7e-m+fp/hard\libgcc.a(_udivmoddi4.o)
 .debug_info    0x0001893b       0x26 c:/program files/microchip/xc32/v4.21/bin/bin/../../lib/gcc/pic32c/8.3.1/thumb/v7e-m+fp/hard\libgcc.a(_dvmd_tls.o)
 .debug_info    0x00018961      0x27e c:/program files/microchip/xc32/v4.21/bin/bin/../../lib/gcc/pic32c/8.3.1/../../../../pic32c/lib/thumb/v7e-m+fp/hard\libpic32c.a(close.o)
 .debug_info    0x00018bdf      0x27e c:/program files/microchip/xc32/v4.21/bin/bin/../../lib/gcc/pic32c/8.3.1/../../../../pic32c/lib/thumb/v7e-m+fp/hard\libpic32c.a(lseek.o)
 .debug_info    0x00018e5d      0x27d c:/program files/microchip/xc32/v4.21/bin/bin/../../lib/gcc/pic32c/8.3.1/../../../../pic32c/lib/thumb/v7e-m+fp/hard\libpic32c.a(sbrk.o)

.debug_abbrev   0x00000000     0x41d1
 .debug_abbrev  0x00000000      0x122 build/default/debug/_ext/1984496892/plib_clock.o
 .debug_abbrev  0x00000122       0x3b build/default/debug/_ext/1986646378/plib_evsys.o
 .debug_abbrev  0x0000015d      0x1f3 build/default/debug/_ext/1865468468/plib_nvic.o
 .debug_abbrev  0x00000350      0x245 build/default/debug/_ext/1593096446/plib_nvmctrl.o
 .debug_abbrev  0x00000595      0x1d6 build/default/debug/_ext/1865521619/plib_port.o
 .debug_abbrev  0x0000076b       0xb9 build/default/debug/_ext/163028504/xc32_monitor.o
 .debug_abbrev  0x00000824      0x1cc build/default/debug/_ext/1171490990/initialization.o
 .debug_abbrev  0x000009f0      0x1db build/default/debug/_ext/1171490990/startup_xc32.o
 .debug_abbrev  0x00000bcb       0xb5 build/default/debug/_ext/1171490990/interrupts.o
 .debug_abbrev  0x00000c80       0x3e build/default/debug/_ext/1171490990/exceptions.o
 .debug_abbrev  0x00000cbe       0x77 build/default/debug/_ext/1360937237/main.o
 .debug_abbrev  0x00000d35      0x2a1 build/default/debug/_ext/504274921/plib_sercom2_usart.o
 .debug_abbrev  0x00000fd6      0x3da build/default/debug/_ext/508257091/plib_sercom7_i2c_master.o
 .debug_abbrev  0x000013b0      0x19d build/default/debug/_ext/1360937237/app.o
 .debug_abbrev  0x0000154d       0x5c build/default/debug/_ext/1171490990/tasks.o
 .debug_abbrev  0x000015a9       0x2b c:/program files/microchip/xc32/v4.21/bin/bin/../../lib/gcc/pic32c/8.3.1/../../../../pic32c/lib/thumb/v7e-m+fp/hard\libpic32c.a(data_init_wrapper.o)
 .debug_abbrev  0x000015d4       0x2e c:/program files/microchip/xc32/v4.21/bin/bin/../../lib/gcc/pic32c/8.3.1/../../../../pic32c/lib/thumb/v7e-m+fp/hard\libpic32c.a(data_init_0_1.o)
 .debug_abbrev  0x00001602      0x117 c:/program files/microchip/xc32/v4.21/bin/bin/../../lib/gcc/pic32c/8.3.1/../../../../pic32c/lib/thumb/v7e-m+fp/hard\libg-musl.a(__libc_start_main.o)
 .debug_abbrev  0x00001719       0xb8 c:/program files/microchip/xc32/v4.21/bin/bin/../../lib/gcc/pic32c/8.3.1/../../../../pic32c/lib/thumb/v7e-m+fp/hard\libg-musl.a(libc.o)
 .debug_abbrev  0x000017d1      0x145 c:/program files/microchip/xc32/v4.21/bin/bin/../../lib/gcc/pic32c/8.3.1/../../../../pic32c/lib/thumb/v7e-m+fp/hard\libg-musl.a(__sio_printf_doux.o)
 .debug_abbrev  0x00001916      0x120 c:/program files/microchip/xc32/v4.21/bin/bin/../../lib/gcc/pic32c/8.3.1/../../../../pic32c/lib/thumb/v7e-m+fp/hard\libg-musl.a(__fmt_d.o)
 .debug_abbrev  0x00001a36      0x120 c:/program files/microchip/xc32/v4.21/bin/bin/../../lib/gcc/pic32c/8.3.1/../../../../pic32c/lib/thumb/v7e-m+fp/hard\libg-musl.a(__fmt_o.o)
 .debug_abbrev  0x00001b56      0x10b c:/program files/microchip/xc32/v4.21/bin/bin/../../lib/gcc/pic32c/8.3.1/../../../../pic32c/lib/thumb/v7e-m+fp/hard\libg-musl.a(__fmt_s.o)
 .debug_abbrev  0x00001c61      0x163 c:/program files/microchip/xc32/v4.21/bin/bin/../../lib/gcc/pic32c/8.3.1/../../../../pic32c/lib/thumb/v7e-m+fp/hard\libg-musl.a(__fmt_u.o)
 .debug_abbrev  0x00001dc4      0x10f c:/program files/microchip/xc32/v4.21/bin/bin/../../lib/gcc/pic32c/8.3.1/../../../../pic32c/lib/thumb/v7e-m+fp/hard\libg-musl.a(__fmt_x.o)
 .debug_abbrev  0x00001ed3       0xbd c:/program files/microchip/xc32/v4.21/bin/bin/../../lib/gcc/pic32c/8.3.1/../../../../pic32c/lib/thumb/v7e-m+fp/hard\libg-musl.a(__pop_int.o)
 .debug_abbrev  0x00001f90       0xce c:/program files/microchip/xc32/v4.21/bin/bin/../../lib/gcc/pic32c/8.3.1/../../../../pic32c/lib/thumb/v7e-m+fp/hard\libg-musl.a(__pop_ptr.o)
 .debug_abbrev  0x0000205e      0x2c5 c:/program files/microchip/xc32/v4.21/bin/bin/../../lib/gcc/pic32c/8.3.1/../../../../pic32c/lib/thumb/v7e-m+fp/hard\libg-musl.a(__printf_core.o)
 .debug_abbrev  0x00002323      0x178 c:/program files/microchip/xc32/v4.21/bin/bin/../../lib/gcc/pic32c/8.3.1/../../../../pic32c/lib/thumb/v7e-m+fp/hard\libg-musl.a(stdin.o)
 .debug_abbrev  0x0000249b      0x135 c:/program files/microchip/xc32/v4.21/bin/bin/../../lib/gcc/pic32c/8.3.1/../../../../pic32c/lib/thumb/v7e-m+fp/hard\libg-musl.a(stdout.o)
 .debug_abbrev  0x000025d0       0xa0 c:/program files/microchip/xc32/v4.21/bin/bin/../../lib/gcc/pic32c/8.3.1/../../../../pic32c/lib/thumb/v7e-m+fp/hard\libg-musl.a(setbuf.o)
 .debug_abbrev  0x00002670       0xbb c:/program files/microchip/xc32/v4.21/bin/bin/../../lib/gcc/pic32c/8.3.1/../../../../pic32c/lib/thumb/v7e-m+fp/hard\libg-musl.a(atoi.o)
 .debug_abbrev  0x0000272b       0x9c c:/program files/microchip/xc32/v4.21/bin/bin/../../lib/gcc/pic32c/8.3.1/../../../../pic32c/lib/thumb/v7e-m+fp/hard\libg-musl.a(memcpy.o)
 .debug_abbrev  0x000027c7       0x97 c:/program files/microchip/xc32/v4.21/bin/bin/../../lib/gcc/pic32c/8.3.1/../../../../pic32c/lib/thumb/v7e-m+fp/hard\libg-musl.a(memset.o)
 .debug_abbrev  0x0000285e       0x86 c:/program files/microchip/xc32/v4.21/bin/bin/../../lib/gcc/pic32c/8.3.1/../../../../pic32c/lib/thumb/v7e-m+fp/hard\libg-musl.a(strlen.o)
 .debug_abbrev  0x000028e4       0xfd c:/program files/microchip/xc32/v4.21/bin/bin/../../lib/gcc/pic32c/8.3.1/../../../../pic32c/lib/thumb/v7e-m+fp/hard\libg-musl.a(tolower.o)
 .debug_abbrev  0x000029e1       0xfd c:/program files/microchip/xc32/v4.21/bin/bin/../../lib/gcc/pic32c/8.3.1/../../../../pic32c/lib/thumb/v7e-m+fp/hard\libg-musl.a(toupper.o)
 .debug_abbrev  0x00002ade       0x57 c:/program files/microchip/xc32/v4.21/bin/bin/../../lib/gcc/pic32c/8.3.1/../../../../pic32c/lib/thumb/v7e-m+fp/hard\libg-musl.a(__environ.o)
 .debug_abbrev  0x00002b35       0x2e c:/program files/microchip/xc32/v4.21/bin/bin/../../lib/gcc/pic32c/8.3.1/../../../../pic32c/lib/thumb/v7e-m+fp/hard\libg-musl.a(__errno_location.o)
 .debug_abbrev  0x00002b63      0x111 c:/program files/microchip/xc32/v4.21/bin/bin/../../lib/gcc/pic32c/8.3.1/../../../../pic32c/lib/thumb/v7e-m+fp/hard\libg-musl.a(__int_vfprintf.o)
 .debug_abbrev  0x00002c74       0xbd c:/program files/microchip/xc32/v4.21/bin/bin/../../lib/gcc/pic32c/8.3.1/../../../../pic32c/lib/thumb/v7e-m+fp/hard\libg-musl.a(__pop_float.o)
 .debug_abbrev  0x00002d31      0x150 c:/program files/microchip/xc32/v4.21/bin/bin/../../lib/gcc/pic32c/8.3.1/../../../../pic32c/lib/thumb/v7e-m+fp/hard\libg-musl.a(__stdio_read.o)
 .debug_abbrev  0x00002e81       0xdc c:/program files/microchip/xc32/v4.21/bin/bin/../../lib/gcc/pic32c/8.3.1/../../../../pic32c/lib/thumb/v7e-m+fp/hard\libg-musl.a(__towrite_rw.o)
 .debug_abbrev  0x00002f5d      0x11c c:/program files/microchip/xc32/v4.21/bin/bin/../../lib/gcc/pic32c/8.3.1/../../../../pic32c/lib/thumb/v7e-m+fp/hard\libg-musl.a(setvbuf.o)
 .debug_abbrev  0x00003079       0xd8 c:/program files/microchip/xc32/v4.21/bin/bin/../../lib/gcc/pic32c/8.3.1/../../../../pic32c/lib/thumb/v7e-m+fp/hard\libg-musl.a(readv.o)
 .debug_abbrev  0x00003151      0x413 c:/program files/microchip/xc32/v4.21/bin/bin/../../lib/gcc/pic32c/8.3.1/../../../../pic32c/lib/thumb/v7e-m+fp/hard\libg-musl.a(malloc.o)
 .debug_abbrev  0x00003564       0xa5 c:/program files/microchip/xc32/v4.21/bin/bin/../../lib/gcc/pic32c/8.3.1/../../../../pic32c/lib/thumb/v7e-m+fp/hard\libg-musl.a(expand_heap.o)
 .debug_abbrev  0x00003609       0x5a c:/program files/microchip/xc32/v4.21/bin/bin/../../lib/gcc/pic32c/8.3.1/../../../../pic32c/lib/thumb/v7e-m+fp/hard\libg-musl.a(__init_stdio.o)
 .debug_abbrev  0x00003663      0x170 c:/program files/microchip/xc32/v4.21/bin/bin/../../lib/gcc/pic32c/8.3.1/../../../../pic32c/lib/thumb/v7e-m+fp/hard\libg-musl.a(__out.o)
 .debug_abbrev  0x000037d3      0x154 c:/program files/microchip/xc32/v4.21/bin/bin/../../lib/gcc/pic32c/8.3.1/../../../../pic32c/lib/thumb/v7e-m+fp/hard\libg-musl.a(__stderr.o)
 .debug_abbrev  0x00003927      0x122 c:/program files/microchip/xc32/v4.21/bin/bin/../../lib/gcc/pic32c/8.3.1/../../../../pic32c/lib/thumb/v7e-m+fp/hard\libg-musl.a(__stdio_close.o)
 .debug_abbrev  0x00003a49      0x1a1 c:/program files/microchip/xc32/v4.21/bin/bin/../../lib/gcc/pic32c/8.3.1/../../../../pic32c/lib/thumb/v7e-m+fp/hard\libg-musl.a(__stdio_write.o)
 .debug_abbrev  0x00003bea      0x154 c:/program files/microchip/xc32/v4.21/bin/bin/../../lib/gcc/pic32c/8.3.1/../../../../pic32c/lib/thumb/v7e-m+fp/hard\libg-musl.a(__stdout.o)
 .debug_abbrev  0x00003d3e       0xf8 c:/program files/microchip/xc32/v4.21/bin/bin/../../lib/gcc/pic32c/8.3.1/../../../../pic32c/lib/thumb/v7e-m+fp/hard\libg-musl.a(__towrite.o)
 .debug_abbrev  0x00003e36       0xd8 c:/program files/microchip/xc32/v4.21/bin/bin/../../lib/gcc/pic32c/8.3.1/../../../../pic32c/lib/thumb/v7e-m+fp/hard\libg-musl.a(writev.o)
 .debug_abbrev  0x00003f0e      0x11f c:/program files/microchip/xc32/v4.21/bin/bin/../../lib/gcc/pic32c/8.3.1/../../../../pic32c/lib/thumb/v7e-m+fp/hard\libg-musl.a(__fwrite.o)
 .debug_abbrev  0x0000402d       0x14 c:/program files/microchip/xc32/v4.21/bin/bin/../../lib/gcc/pic32c/8.3.1/thumb/v7e-m+fp/hard\libgcc.a(_aeabi_uldivmod.o)
 .debug_abbrev  0x00004041       0xf2 c:/program files/microchip/xc32/v4.21/bin/bin/../../lib/gcc/pic32c/8.3.1/thumb/v7e-m+fp/hard\libgcc.a(_udivmoddi4.o)
 .debug_abbrev  0x00004133       0x14 c:/program files/microchip/xc32/v4.21/bin/bin/../../lib/gcc/pic32c/8.3.1/thumb/v7e-m+fp/hard\libgcc.a(_dvmd_tls.o)
 .debug_abbrev  0x00004147       0x2e c:/program files/microchip/xc32/v4.21/bin/bin/../../lib/gcc/pic32c/8.3.1/../../../../pic32c/lib/thumb/v7e-m+fp/hard\libpic32c.a(close.o)
 .debug_abbrev  0x00004175       0x2e c:/program files/microchip/xc32/v4.21/bin/bin/../../lib/gcc/pic32c/8.3.1/../../../../pic32c/lib/thumb/v7e-m+fp/hard\libpic32c.a(lseek.o)
 .debug_abbrev  0x000041a3       0x2e c:/program files/microchip/xc32/v4.21/bin/bin/../../lib/gcc/pic32c/8.3.1/../../../../pic32c/lib/thumb/v7e-m+fp/hard\libpic32c.a(sbrk.o)

.debug_aranges  0x00000000      0xb00
 .debug_aranges
                0x00000000       0x20 build/default/debug/_ext/1984496892/plib_clock.o
 .debug_aranges
                0x00000020       0x20 build/default/debug/_ext/1986646378/plib_evsys.o
 .debug_aranges
                0x00000040       0x38 build/default/debug/_ext/1865468468/plib_nvic.o
 .debug_aranges
                0x00000078       0xd8 build/default/debug/_ext/1593096446/plib_nvmctrl.o
 .debug_aranges
                0x00000150       0x70 build/default/debug/_ext/1865521619/plib_port.o
 .debug_aranges
                0x000001c0       0x28 build/default/debug/_ext/163028504/xc32_monitor.o
 .debug_aranges
                0x000001e8       0x20 build/default/debug/_ext/1171490990/initialization.o
 .debug_aranges
                0x00000208       0x28 build/default/debug/_ext/1171490990/startup_xc32.o
 .debug_aranges
                0x00000230       0x20 build/default/debug/_ext/1171490990/interrupts.o
 .debug_aranges
                0x00000250       0x48 build/default/debug/_ext/1171490990/exceptions.o
 .debug_aranges
                0x00000298       0x20 build/default/debug/_ext/1360937237/main.o
 .debug_aranges
                0x000002b8       0x98 build/default/debug/_ext/504274921/plib_sercom2_usart.o
 .debug_aranges
                0x00000350       0x70 build/default/debug/_ext/508257091/plib_sercom7_i2c_master.o
 .debug_aranges
                0x000003c0       0x40 build/default/debug/_ext/1360937237/app.o
 .debug_aranges
                0x00000400       0x20 build/default/debug/_ext/1171490990/tasks.o
 .debug_aranges
                0x00000420       0x20 c:/program files/microchip/xc32/v4.21/bin/bin/../../lib/gcc/pic32c/8.3.1/../../../../pic32c/lib/thumb/v7e-m+fp/hard\libpic32c.a(data_init_wrapper.o)
 .debug_aranges
                0x00000440       0x20 c:/program files/microchip/xc32/v4.21/bin/bin/../../lib/gcc/pic32c/8.3.1/../../../../pic32c/lib/thumb/v7e-m+fp/hard\libpic32c.a(data_init_0_1.o)
 .debug_aranges
                0x00000460       0x28 c:/program files/microchip/xc32/v4.21/bin/bin/../../lib/gcc/pic32c/8.3.1/../../../../pic32c/lib/thumb/v7e-m+fp/hard\libg-musl.a(__libc_start_main.o)
 .debug_aranges
                0x00000488       0x18 c:/program files/microchip/xc32/v4.21/bin/bin/../../lib/gcc/pic32c/8.3.1/../../../../pic32c/lib/thumb/v7e-m+fp/hard\libg-musl.a(libc.o)
 .debug_aranges
                0x000004a0       0x28 c:/program files/microchip/xc32/v4.21/bin/bin/../../lib/gcc/pic32c/8.3.1/../../../../pic32c/lib/thumb/v7e-m+fp/hard\libg-musl.a(__sio_printf_doux.o)
 .debug_aranges
                0x000004c8       0x20 c:/program files/microchip/xc32/v4.21/bin/bin/../../lib/gcc/pic32c/8.3.1/../../../../pic32c/lib/thumb/v7e-m+fp/hard\libg-musl.a(__fmt_d.o)
 .debug_aranges
                0x000004e8       0x20 c:/program files/microchip/xc32/v4.21/bin/bin/../../lib/gcc/pic32c/8.3.1/../../../../pic32c/lib/thumb/v7e-m+fp/hard\libg-musl.a(__fmt_o.o)
 .debug_aranges
                0x00000508       0x20 c:/program files/microchip/xc32/v4.21/bin/bin/../../lib/gcc/pic32c/8.3.1/../../../../pic32c/lib/thumb/v7e-m+fp/hard\libg-musl.a(__fmt_s.o)
 .debug_aranges
                0x00000528       0x28 c:/program files/microchip/xc32/v4.21/bin/bin/../../lib/gcc/pic32c/8.3.1/../../../../pic32c/lib/thumb/v7e-m+fp/hard\libg-musl.a(__fmt_u.o)
 .debug_aranges
                0x00000550       0x20 c:/program files/microchip/xc32/v4.21/bin/bin/../../lib/gcc/pic32c/8.3.1/../../../../pic32c/lib/thumb/v7e-m+fp/hard\libg-musl.a(__fmt_x.o)
 .debug_aranges
                0x00000570       0x20 c:/program files/microchip/xc32/v4.21/bin/bin/../../lib/gcc/pic32c/8.3.1/../../../../pic32c/lib/thumb/v7e-m+fp/hard\libg-musl.a(__pop_int.o)
 .debug_aranges
                0x00000590       0x20 c:/program files/microchip/xc32/v4.21/bin/bin/../../lib/gcc/pic32c/8.3.1/../../../../pic32c/lib/thumb/v7e-m+fp/hard\libg-musl.a(__pop_ptr.o)
 .debug_aranges
                0x000005b0       0x50 c:/program files/microchip/xc32/v4.21/bin/bin/../../lib/gcc/pic32c/8.3.1/../../../../pic32c/lib/thumb/v7e-m+fp/hard\libg-musl.a(__printf_core.o)
 .debug_aranges
                0x00000600       0x28 c:/program files/microchip/xc32/v4.21/bin/bin/../../lib/gcc/pic32c/8.3.1/../../../../pic32c/lib/thumb/v7e-m+fp/hard\libg-musl.a(stdin.o)
 .debug_aranges
                0x00000628       0x30 c:/program files/microchip/xc32/v4.21/bin/bin/../../lib/gcc/pic32c/8.3.1/../../../../pic32c/lib/thumb/v7e-m+fp/hard\libg-musl.a(stdout.o)
 .debug_aranges
                0x00000658       0x20 c:/program files/microchip/xc32/v4.21/bin/bin/../../lib/gcc/pic32c/8.3.1/../../../../pic32c/lib/thumb/v7e-m+fp/hard\libg-musl.a(setbuf.o)
 .debug_aranges
                0x00000678       0x20 c:/program files/microchip/xc32/v4.21/bin/bin/../../lib/gcc/pic32c/8.3.1/../../../../pic32c/lib/thumb/v7e-m+fp/hard\libg-musl.a(atoi.o)
 .debug_aranges
                0x00000698       0x20 c:/program files/microchip/xc32/v4.21/bin/bin/../../lib/gcc/pic32c/8.3.1/../../../../pic32c/lib/thumb/v7e-m+fp/hard\libg-musl.a(memcpy.o)
 .debug_aranges
                0x000006b8       0x20 c:/program files/microchip/xc32/v4.21/bin/bin/../../lib/gcc/pic32c/8.3.1/../../../../pic32c/lib/thumb/v7e-m+fp/hard\libg-musl.a(memset.o)
 .debug_aranges
                0x000006d8       0x20 c:/program files/microchip/xc32/v4.21/bin/bin/../../lib/gcc/pic32c/8.3.1/../../../../pic32c/lib/thumb/v7e-m+fp/hard\libg-musl.a(strlen.o)
 .debug_aranges
                0x000006f8       0x28 c:/program files/microchip/xc32/v4.21/bin/bin/../../lib/gcc/pic32c/8.3.1/../../../../pic32c/lib/thumb/v7e-m+fp/hard\libg-musl.a(tolower.o)
 .debug_aranges
                0x00000720       0x28 c:/program files/microchip/xc32/v4.21/bin/bin/../../lib/gcc/pic32c/8.3.1/../../../../pic32c/lib/thumb/v7e-m+fp/hard\libg-musl.a(toupper.o)
 .debug_aranges
                0x00000748       0x18 c:/program files/microchip/xc32/v4.21/bin/bin/../../lib/gcc/pic32c/8.3.1/../../../../pic32c/lib/thumb/v7e-m+fp/hard\libg-musl.a(__environ.o)
 .debug_aranges
                0x00000760       0x18 c:/program files/microchip/xc32/v4.21/bin/bin/../../lib/gcc/pic32c/8.3.1/../../../../pic32c/lib/thumb/v7e-m+fp/hard\libg-musl.a(__errno_location.o)
 .debug_aranges
                0x00000778       0x20 c:/program files/microchip/xc32/v4.21/bin/bin/../../lib/gcc/pic32c/8.3.1/../../../../pic32c/lib/thumb/v7e-m+fp/hard\libg-musl.a(__int_vfprintf.o)
 .debug_aranges
                0x00000798       0x20 c:/program files/microchip/xc32/v4.21/bin/bin/../../lib/gcc/pic32c/8.3.1/../../../../pic32c/lib/thumb/v7e-m+fp/hard\libg-musl.a(__pop_float.o)
 .debug_aranges
                0x000007b8       0x20 c:/program files/microchip/xc32/v4.21/bin/bin/../../lib/gcc/pic32c/8.3.1/../../../../pic32c/lib/thumb/v7e-m+fp/hard\libg-musl.a(__stdio_read.o)
 .debug_aranges
                0x000007d8       0x20 c:/program files/microchip/xc32/v4.21/bin/bin/../../lib/gcc/pic32c/8.3.1/../../../../pic32c/lib/thumb/v7e-m+fp/hard\libg-musl.a(__towrite_rw.o)
 .debug_aranges
                0x000007f8       0x28 c:/program files/microchip/xc32/v4.21/bin/bin/../../lib/gcc/pic32c/8.3.1/../../../../pic32c/lib/thumb/v7e-m+fp/hard\libg-musl.a(setvbuf.o)
 .debug_aranges
                0x00000820       0x20 c:/program files/microchip/xc32/v4.21/bin/bin/../../lib/gcc/pic32c/8.3.1/../../../../pic32c/lib/thumb/v7e-m+fp/hard\libg-musl.a(readv.o)
 .debug_aranges
                0x00000840       0x70 c:/program files/microchip/xc32/v4.21/bin/bin/../../lib/gcc/pic32c/8.3.1/../../../../pic32c/lib/thumb/v7e-m+fp/hard\libg-musl.a(malloc.o)
 .debug_aranges
                0x000008b0       0x20 c:/program files/microchip/xc32/v4.21/bin/bin/../../lib/gcc/pic32c/8.3.1/../../../../pic32c/lib/thumb/v7e-m+fp/hard\libg-musl.a(expand_heap.o)
 .debug_aranges
                0x000008d0       0x28 c:/program files/microchip/xc32/v4.21/bin/bin/../../lib/gcc/pic32c/8.3.1/../../../../pic32c/lib/thumb/v7e-m+fp/hard\libg-musl.a(__init_stdio.o)
 .debug_aranges
                0x000008f8       0x28 c:/program files/microchip/xc32/v4.21/bin/bin/../../lib/gcc/pic32c/8.3.1/../../../../pic32c/lib/thumb/v7e-m+fp/hard\libg-musl.a(__out.o)
 .debug_aranges
                0x00000920       0x30 c:/program files/microchip/xc32/v4.21/bin/bin/../../lib/gcc/pic32c/8.3.1/../../../../pic32c/lib/thumb/v7e-m+fp/hard\libg-musl.a(__stderr.o)
 .debug_aranges
                0x00000950       0x28 c:/program files/microchip/xc32/v4.21/bin/bin/../../lib/gcc/pic32c/8.3.1/../../../../pic32c/lib/thumb/v7e-m+fp/hard\libg-musl.a(__stdio_close.o)
 .debug_aranges
                0x00000978       0x28 c:/program files/microchip/xc32/v4.21/bin/bin/../../lib/gcc/pic32c/8.3.1/../../../../pic32c/lib/thumb/v7e-m+fp/hard\libg-musl.a(__stdio_write.o)
 .debug_aranges
                0x000009a0       0x30 c:/program files/microchip/xc32/v4.21/bin/bin/../../lib/gcc/pic32c/8.3.1/../../../../pic32c/lib/thumb/v7e-m+fp/hard\libg-musl.a(__stdout.o)
 .debug_aranges
                0x000009d0       0x28 c:/program files/microchip/xc32/v4.21/bin/bin/../../lib/gcc/pic32c/8.3.1/../../../../pic32c/lib/thumb/v7e-m+fp/hard\libg-musl.a(__towrite.o)
 .debug_aranges
                0x000009f8       0x20 c:/program files/microchip/xc32/v4.21/bin/bin/../../lib/gcc/pic32c/8.3.1/../../../../pic32c/lib/thumb/v7e-m+fp/hard\libg-musl.a(writev.o)
 .debug_aranges
                0x00000a18       0x28 c:/program files/microchip/xc32/v4.21/bin/bin/../../lib/gcc/pic32c/8.3.1/../../../../pic32c/lib/thumb/v7e-m+fp/hard\libg-musl.a(__fwrite.o)
 .debug_aranges
                0x00000a40       0x20 c:/program files/microchip/xc32/v4.21/bin/bin/../../lib/gcc/pic32c/8.3.1/thumb/v7e-m+fp/hard\libgcc.a(_aeabi_uldivmod.o)
 .debug_aranges
                0x00000a60       0x20 c:/program files/microchip/xc32/v4.21/bin/bin/../../lib/gcc/pic32c/8.3.1/thumb/v7e-m+fp/hard\libgcc.a(_udivmoddi4.o)
 .debug_aranges
                0x00000a80       0x20 c:/program files/microchip/xc32/v4.21/bin/bin/../../lib/gcc/pic32c/8.3.1/thumb/v7e-m+fp/hard\libgcc.a(_dvmd_tls.o)
 .debug_aranges
                0x00000aa0       0x20 c:/program files/microchip/xc32/v4.21/bin/bin/../../lib/gcc/pic32c/8.3.1/../../../../pic32c/lib/thumb/v7e-m+fp/hard\libpic32c.a(close.o)
 .debug_aranges
                0x00000ac0       0x20 c:/program files/microchip/xc32/v4.21/bin/bin/../../lib/gcc/pic32c/8.3.1/../../../../pic32c/lib/thumb/v7e-m+fp/hard\libpic32c.a(lseek.o)
 .debug_aranges
                0x00000ae0       0x20 c:/program files/microchip/xc32/v4.21/bin/bin/../../lib/gcc/pic32c/8.3.1/../../../../pic32c/lib/thumb/v7e-m+fp/hard\libpic32c.a(sbrk.o)

.debug_ranges   0x00000000      0x9b0
 .debug_ranges  0x00000000       0x10 build/default/debug/_ext/1984496892/plib_clock.o
 .debug_ranges  0x00000010       0x10 build/default/debug/_ext/1986646378/plib_evsys.o
 .debug_ranges  0x00000020       0x28 build/default/debug/_ext/1865468468/plib_nvic.o
 .debug_ranges  0x00000048       0xc8 build/default/debug/_ext/1593096446/plib_nvmctrl.o
 .debug_ranges  0x00000110       0x60 build/default/debug/_ext/1865521619/plib_port.o
 .debug_ranges  0x00000170       0x18 build/default/debug/_ext/163028504/xc32_monitor.o
 .debug_ranges  0x00000188       0x10 build/default/debug/_ext/1171490990/initialization.o
 .debug_ranges  0x00000198       0x18 build/default/debug/_ext/1171490990/startup_xc32.o
 .debug_ranges  0x000001b0       0x10 build/default/debug/_ext/1171490990/interrupts.o
 .debug_ranges  0x000001c0       0x38 build/default/debug/_ext/1171490990/exceptions.o
 .debug_ranges  0x000001f8       0x10 build/default/debug/_ext/1360937237/main.o
 .debug_ranges  0x00000208       0x88 build/default/debug/_ext/504274921/plib_sercom2_usart.o
 .debug_ranges  0x00000290       0xe0 build/default/debug/_ext/508257091/plib_sercom7_i2c_master.o
 .debug_ranges  0x00000370       0x30 build/default/debug/_ext/1360937237/app.o
 .debug_ranges  0x000003a0       0x10 build/default/debug/_ext/1171490990/tasks.o
 .debug_ranges  0x000003b0       0x10 c:/program files/microchip/xc32/v4.21/bin/bin/../../lib/gcc/pic32c/8.3.1/../../../../pic32c/lib/thumb/v7e-m+fp/hard\libpic32c.a(data_init_wrapper.o)
 .debug_ranges  0x000003c0       0x10 c:/program files/microchip/xc32/v4.21/bin/bin/../../lib/gcc/pic32c/8.3.1/../../../../pic32c/lib/thumb/v7e-m+fp/hard\libpic32c.a(data_init_0_1.o)
 .debug_ranges  0x000003d0       0x40 c:/program files/microchip/xc32/v4.21/bin/bin/../../lib/gcc/pic32c/8.3.1/../../../../pic32c/lib/thumb/v7e-m+fp/hard\libg-musl.a(__libc_start_main.o)
 .debug_ranges  0x00000410       0x18 c:/program files/microchip/xc32/v4.21/bin/bin/../../lib/gcc/pic32c/8.3.1/../../../../pic32c/lib/thumb/v7e-m+fp/hard\libg-musl.a(__sio_printf_doux.o)
 .debug_ranges  0x00000428       0x10 c:/program files/microchip/xc32/v4.21/bin/bin/../../lib/gcc/pic32c/8.3.1/../../../../pic32c/lib/thumb/v7e-m+fp/hard\libg-musl.a(__fmt_d.o)
 .debug_ranges  0x00000438       0x10 c:/program files/microchip/xc32/v4.21/bin/bin/../../lib/gcc/pic32c/8.3.1/../../../../pic32c/lib/thumb/v7e-m+fp/hard\libg-musl.a(__fmt_o.o)
 .debug_ranges  0x00000448       0x10 c:/program files/microchip/xc32/v4.21/bin/bin/../../lib/gcc/pic32c/8.3.1/../../../../pic32c/lib/thumb/v7e-m+fp/hard\libg-musl.a(__fmt_s.o)
 .debug_ranges  0x00000458       0x18 c:/program files/microchip/xc32/v4.21/bin/bin/../../lib/gcc/pic32c/8.3.1/../../../../pic32c/lib/thumb/v7e-m+fp/hard\libg-musl.a(__fmt_u.o)
 .debug_ranges  0x00000470       0x10 c:/program files/microchip/xc32/v4.21/bin/bin/../../lib/gcc/pic32c/8.3.1/../../../../pic32c/lib/thumb/v7e-m+fp/hard\libg-musl.a(__fmt_x.o)
 .debug_ranges  0x00000480       0x10 c:/program files/microchip/xc32/v4.21/bin/bin/../../lib/gcc/pic32c/8.3.1/../../../../pic32c/lib/thumb/v7e-m+fp/hard\libg-musl.a(__pop_int.o)
 .debug_ranges  0x00000490       0x10 c:/program files/microchip/xc32/v4.21/bin/bin/../../lib/gcc/pic32c/8.3.1/../../../../pic32c/lib/thumb/v7e-m+fp/hard\libg-musl.a(__pop_ptr.o)
 .debug_ranges  0x000004a0       0x68 c:/program files/microchip/xc32/v4.21/bin/bin/../../lib/gcc/pic32c/8.3.1/../../../../pic32c/lib/thumb/v7e-m+fp/hard\libg-musl.a(__printf_core.o)
 .debug_ranges  0x00000508       0x18 c:/program files/microchip/xc32/v4.21/bin/bin/../../lib/gcc/pic32c/8.3.1/../../../../pic32c/lib/thumb/v7e-m+fp/hard\libg-musl.a(stdin.o)
 .debug_ranges  0x00000520       0x20 c:/program files/microchip/xc32/v4.21/bin/bin/../../lib/gcc/pic32c/8.3.1/../../../../pic32c/lib/thumb/v7e-m+fp/hard\libg-musl.a(stdout.o)
 .debug_ranges  0x00000540       0x10 c:/program files/microchip/xc32/v4.21/bin/bin/../../lib/gcc/pic32c/8.3.1/../../../../pic32c/lib/thumb/v7e-m+fp/hard\libg-musl.a(setbuf.o)
 .debug_ranges  0x00000550       0x10 c:/program files/microchip/xc32/v4.21/bin/bin/../../lib/gcc/pic32c/8.3.1/../../../../pic32c/lib/thumb/v7e-m+fp/hard\libg-musl.a(atoi.o)
 .debug_ranges  0x00000560       0x10 c:/program files/microchip/xc32/v4.21/bin/bin/../../lib/gcc/pic32c/8.3.1/../../../../pic32c/lib/thumb/v7e-m+fp/hard\libg-musl.a(memcpy.o)
 .debug_ranges  0x00000570       0x10 c:/program files/microchip/xc32/v4.21/bin/bin/../../lib/gcc/pic32c/8.3.1/../../../../pic32c/lib/thumb/v7e-m+fp/hard\libg-musl.a(memset.o)
 .debug_ranges  0x00000580       0x10 c:/program files/microchip/xc32/v4.21/bin/bin/../../lib/gcc/pic32c/8.3.1/../../../../pic32c/lib/thumb/v7e-m+fp/hard\libg-musl.a(strlen.o)
 .debug_ranges  0x00000590       0x18 c:/program files/microchip/xc32/v4.21/bin/bin/../../lib/gcc/pic32c/8.3.1/../../../../pic32c/lib/thumb/v7e-m+fp/hard\libg-musl.a(tolower.o)
 .debug_ranges  0x000005a8       0x18 c:/program files/microchip/xc32/v4.21/bin/bin/../../lib/gcc/pic32c/8.3.1/../../../../pic32c/lib/thumb/v7e-m+fp/hard\libg-musl.a(toupper.o)
 .debug_ranges  0x000005c0       0x10 c:/program files/microchip/xc32/v4.21/bin/bin/../../lib/gcc/pic32c/8.3.1/../../../../pic32c/lib/thumb/v7e-m+fp/hard\libg-musl.a(__int_vfprintf.o)
 .debug_ranges  0x000005d0       0x10 c:/program files/microchip/xc32/v4.21/bin/bin/../../lib/gcc/pic32c/8.3.1/../../../../pic32c/lib/thumb/v7e-m+fp/hard\libg-musl.a(__pop_float.o)
 .debug_ranges  0x000005e0       0x10 c:/program files/microchip/xc32/v4.21/bin/bin/../../lib/gcc/pic32c/8.3.1/../../../../pic32c/lib/thumb/v7e-m+fp/hard\libg-musl.a(__stdio_read.o)
 .debug_ranges  0x000005f0       0x10 c:/program files/microchip/xc32/v4.21/bin/bin/../../lib/gcc/pic32c/8.3.1/../../../../pic32c/lib/thumb/v7e-m+fp/hard\libg-musl.a(__towrite_rw.o)
 .debug_ranges  0x00000600       0x18 c:/program files/microchip/xc32/v4.21/bin/bin/../../lib/gcc/pic32c/8.3.1/../../../../pic32c/lib/thumb/v7e-m+fp/hard\libg-musl.a(setvbuf.o)
 .debug_ranges  0x00000618       0x10 c:/program files/microchip/xc32/v4.21/bin/bin/../../lib/gcc/pic32c/8.3.1/../../../../pic32c/lib/thumb/v7e-m+fp/hard\libg-musl.a(readv.o)
 .debug_ranges  0x00000628      0x1a0 c:/program files/microchip/xc32/v4.21/bin/bin/../../lib/gcc/pic32c/8.3.1/../../../../pic32c/lib/thumb/v7e-m+fp/hard\libg-musl.a(malloc.o)
 .debug_ranges  0x000007c8       0x10 c:/program files/microchip/xc32/v4.21/bin/bin/../../lib/gcc/pic32c/8.3.1/../../../../pic32c/lib/thumb/v7e-m+fp/hard\libg-musl.a(expand_heap.o)
 .debug_ranges  0x000007d8       0x18 c:/program files/microchip/xc32/v4.21/bin/bin/../../lib/gcc/pic32c/8.3.1/../../../../pic32c/lib/thumb/v7e-m+fp/hard\libg-musl.a(__init_stdio.o)
 .debug_ranges  0x000007f0       0x18 c:/program files/microchip/xc32/v4.21/bin/bin/../../lib/gcc/pic32c/8.3.1/../../../../pic32c/lib/thumb/v7e-m+fp/hard\libg-musl.a(__out.o)
 .debug_ranges  0x00000808       0x20 c:/program files/microchip/xc32/v4.21/bin/bin/../../lib/gcc/pic32c/8.3.1/../../../../pic32c/lib/thumb/v7e-m+fp/hard\libg-musl.a(__stderr.o)
 .debug_ranges  0x00000828       0x18 c:/program files/microchip/xc32/v4.21/bin/bin/../../lib/gcc/pic32c/8.3.1/../../../../pic32c/lib/thumb/v7e-m+fp/hard\libg-musl.a(__stdio_close.o)
 .debug_ranges  0x00000840       0x30 c:/program files/microchip/xc32/v4.21/bin/bin/../../lib/gcc/pic32c/8.3.1/../../../../pic32c/lib/thumb/v7e-m+fp/hard\libg-musl.a(__stdio_write.o)
 .debug_ranges  0x00000870       0x20 c:/program files/microchip/xc32/v4.21/bin/bin/../../lib/gcc/pic32c/8.3.1/../../../../pic32c/lib/thumb/v7e-m+fp/hard\libg-musl.a(__stdout.o)
 .debug_ranges  0x00000890       0x18 c:/program files/microchip/xc32/v4.21/bin/bin/../../lib/gcc/pic32c/8.3.1/../../../../pic32c/lib/thumb/v7e-m+fp/hard\libg-musl.a(__towrite.o)
 .debug_ranges  0x000008a8       0x10 c:/program files/microchip/xc32/v4.21/bin/bin/../../lib/gcc/pic32c/8.3.1/../../../../pic32c/lib/thumb/v7e-m+fp/hard\libg-musl.a(writev.o)
 .debug_ranges  0x000008b8       0x18 c:/program files/microchip/xc32/v4.21/bin/bin/../../lib/gcc/pic32c/8.3.1/../../../../pic32c/lib/thumb/v7e-m+fp/hard\libg-musl.a(__fwrite.o)
 .debug_ranges  0x000008d0       0xb0 c:/program files/microchip/xc32/v4.21/bin/bin/../../lib/gcc/pic32c/8.3.1/thumb/v7e-m+fp/hard\libgcc.a(_udivmoddi4.o)
 .debug_ranges  0x00000980       0x10 c:/program files/microchip/xc32/v4.21/bin/bin/../../lib/gcc/pic32c/8.3.1/../../../../pic32c/lib/thumb/v7e-m+fp/hard\libpic32c.a(close.o)
 .debug_ranges  0x00000990       0x10 c:/program files/microchip/xc32/v4.21/bin/bin/../../lib/gcc/pic32c/8.3.1/../../../../pic32c/lib/thumb/v7e-m+fp/hard\libpic32c.a(lseek.o)
 .debug_ranges  0x000009a0       0x10 c:/program files/microchip/xc32/v4.21/bin/bin/../../lib/gcc/pic32c/8.3.1/../../../../pic32c/lib/thumb/v7e-m+fp/hard\libpic32c.a(sbrk.o)

.debug_line     0x00000000     0x7f40
 .debug_line    0x00000000      0x27a build/default/debug/_ext/1984496892/plib_clock.o
 .debug_line    0x0000027a       0x66 build/default/debug/_ext/1986646378/plib_evsys.o
 .debug_line    0x000002e0      0x384 build/default/debug/_ext/1865468468/plib_nvic.o
 .debug_line    0x00000664      0x5c2 build/default/debug/_ext/1593096446/plib_nvmctrl.o
 .debug_line    0x00000c26      0x299 build/default/debug/_ext/1865521619/plib_port.o
 .debug_line    0x00000ebf      0x151 build/default/debug/_ext/163028504/xc32_monitor.o
 .debug_line    0x00001010      0x31c build/default/debug/_ext/1171490990/initialization.o
 .debug_line    0x0000132c      0x248 build/default/debug/_ext/1171490990/startup_xc32.o
 .debug_line    0x00001574       0xbb build/default/debug/_ext/1171490990/interrupts.o
 .debug_line    0x0000162f       0xcc build/default/debug/_ext/1171490990/exceptions.o
 .debug_line    0x000016fb       0x6d build/default/debug/_ext/1360937237/main.o
 .debug_line    0x00001768      0x5e0 build/default/debug/_ext/504274921/plib_sercom2_usart.o
 .debug_line    0x00001d48      0x7df build/default/debug/_ext/508257091/plib_sercom7_i2c_master.o
 .debug_line    0x00002527      0x215 build/default/debug/_ext/1360937237/app.o
 .debug_line    0x0000273c       0x69 build/default/debug/_ext/1171490990/tasks.o
 .debug_line    0x000027a5       0xa9 c:/program files/microchip/xc32/v4.21/bin/bin/../../lib/gcc/pic32c/8.3.1/../../../../pic32c/lib/thumb/v7e-m+fp/hard\libpic32c.a(data_init_wrapper.o)
 .debug_line    0x0000284e       0xf2 c:/program files/microchip/xc32/v4.21/bin/bin/../../lib/gcc/pic32c/8.3.1/../../../../pic32c/lib/thumb/v7e-m+fp/hard\libpic32c.a(data_init_0_1.o)
 .debug_line    0x00002940      0x1d5 c:/program files/microchip/xc32/v4.21/bin/bin/../../lib/gcc/pic32c/8.3.1/../../../../pic32c/lib/thumb/v7e-m+fp/hard\libg-musl.a(__libc_start_main.o)
 .debug_line    0x00002b15       0xbc c:/program files/microchip/xc32/v4.21/bin/bin/../../lib/gcc/pic32c/8.3.1/../../../../pic32c/lib/thumb/v7e-m+fp/hard\libg-musl.a(libc.o)
 .debug_line    0x00002bd1      0x1c8 c:/program files/microchip/xc32/v4.21/bin/bin/../../lib/gcc/pic32c/8.3.1/../../../../pic32c/lib/thumb/v7e-m+fp/hard\libg-musl.a(__sio_printf_doux.o)
 .debug_line    0x00002d99      0x20d c:/program files/microchip/xc32/v4.21/bin/bin/../../lib/gcc/pic32c/8.3.1/../../../../pic32c/lib/thumb/v7e-m+fp/hard\libg-musl.a(__fmt_d.o)
 .debug_line    0x00002fa6      0x1b7 c:/program files/microchip/xc32/v4.21/bin/bin/../../lib/gcc/pic32c/8.3.1/../../../../pic32c/lib/thumb/v7e-m+fp/hard\libg-musl.a(__fmt_o.o)
 .debug_line    0x0000315d      0x200 c:/program files/microchip/xc32/v4.21/bin/bin/../../lib/gcc/pic32c/8.3.1/../../../../pic32c/lib/thumb/v7e-m+fp/hard\libg-musl.a(__fmt_s.o)
 .debug_line    0x0000335d      0x241 c:/program files/microchip/xc32/v4.21/bin/bin/../../lib/gcc/pic32c/8.3.1/../../../../pic32c/lib/thumb/v7e-m+fp/hard\libg-musl.a(__fmt_u.o)
 .debug_line    0x0000359e      0x2e2 c:/program files/microchip/xc32/v4.21/bin/bin/../../lib/gcc/pic32c/8.3.1/../../../../pic32c/lib/thumb/v7e-m+fp/hard\libg-musl.a(__fmt_x.o)
 .debug_line    0x00003880      0x20e c:/program files/microchip/xc32/v4.21/bin/bin/../../lib/gcc/pic32c/8.3.1/../../../../pic32c/lib/thumb/v7e-m+fp/hard\libg-musl.a(__pop_int.o)
 .debug_line    0x00003a8e      0x1ee c:/program files/microchip/xc32/v4.21/bin/bin/../../lib/gcc/pic32c/8.3.1/../../../../pic32c/lib/thumb/v7e-m+fp/hard\libg-musl.a(__pop_ptr.o)
 .debug_line    0x00003c7c      0x69e c:/program files/microchip/xc32/v4.21/bin/bin/../../lib/gcc/pic32c/8.3.1/../../../../pic32c/lib/thumb/v7e-m+fp/hard\libg-musl.a(__printf_core.o)
 .debug_line    0x0000431a      0x1da c:/program files/microchip/xc32/v4.21/bin/bin/../../lib/gcc/pic32c/8.3.1/../../../../pic32c/lib/thumb/v7e-m+fp/hard\libg-musl.a(stdin.o)
 .debug_line    0x000044f4      0x18f c:/program files/microchip/xc32/v4.21/bin/bin/../../lib/gcc/pic32c/8.3.1/../../../../pic32c/lib/thumb/v7e-m+fp/hard\libg-musl.a(stdout.o)
 .debug_line    0x00004683      0x139 c:/program files/microchip/xc32/v4.21/bin/bin/../../lib/gcc/pic32c/8.3.1/../../../../pic32c/lib/thumb/v7e-m+fp/hard\libg-musl.a(setbuf.o)
 .debug_line    0x000047bc      0x175 c:/program files/microchip/xc32/v4.21/bin/bin/../../lib/gcc/pic32c/8.3.1/../../../../pic32c/lib/thumb/v7e-m+fp/hard\libg-musl.a(atoi.o)
 .debug_line    0x00004931       0xf2 c:/program files/microchip/xc32/v4.21/bin/bin/../../lib/gcc/pic32c/8.3.1/../../../../pic32c/lib/thumb/v7e-m+fp/hard\libg-musl.a(memcpy.o)
 .debug_line    0x00004a23       0xe9 c:/program files/microchip/xc32/v4.21/bin/bin/../../lib/gcc/pic32c/8.3.1/../../../../pic32c/lib/thumb/v7e-m+fp/hard\libg-musl.a(memset.o)
 .debug_line    0x00004b0c       0xe5 c:/program files/microchip/xc32/v4.21/bin/bin/../../lib/gcc/pic32c/8.3.1/../../../../pic32c/lib/thumb/v7e-m+fp/hard\libg-musl.a(strlen.o)
 .debug_line    0x00004bf1      0x165 c:/program files/microchip/xc32/v4.21/bin/bin/../../lib/gcc/pic32c/8.3.1/../../../../pic32c/lib/thumb/v7e-m+fp/hard\libg-musl.a(tolower.o)
 .debug_line    0x00004d56      0x165 c:/program files/microchip/xc32/v4.21/bin/bin/../../lib/gcc/pic32c/8.3.1/../../../../pic32c/lib/thumb/v7e-m+fp/hard\libg-musl.a(toupper.o)
 .debug_line    0x00004ebb      0x109 c:/program files/microchip/xc32/v4.21/bin/bin/../../lib/gcc/pic32c/8.3.1/../../../../pic32c/lib/thumb/v7e-m+fp/hard\libg-musl.a(__environ.o)
 .debug_line    0x00004fc4       0xa1 c:/program files/microchip/xc32/v4.21/bin/bin/../../lib/gcc/pic32c/8.3.1/../../../../pic32c/lib/thumb/v7e-m+fp/hard\libg-musl.a(__errno_location.o)
 .debug_line    0x00005065      0x176 c:/program files/microchip/xc32/v4.21/bin/bin/../../lib/gcc/pic32c/8.3.1/../../../../pic32c/lib/thumb/v7e-m+fp/hard\libg-musl.a(__int_vfprintf.o)
 .debug_line    0x000051db      0x173 c:/program files/microchip/xc32/v4.21/bin/bin/../../lib/gcc/pic32c/8.3.1/../../../../pic32c/lib/thumb/v7e-m+fp/hard\libg-musl.a(__pop_float.o)
 .debug_line    0x0000534e      0x24a c:/program files/microchip/xc32/v4.21/bin/bin/../../lib/gcc/pic32c/8.3.1/../../../../pic32c/lib/thumb/v7e-m+fp/hard\libg-musl.a(__stdio_read.o)
 .debug_line    0x00005598      0x1f4 c:/program files/microchip/xc32/v4.21/bin/bin/../../lib/gcc/pic32c/8.3.1/../../../../pic32c/lib/thumb/v7e-m+fp/hard\libg-musl.a(__towrite_rw.o)
 .debug_line    0x0000578c      0x22a c:/program files/microchip/xc32/v4.21/bin/bin/../../lib/gcc/pic32c/8.3.1/../../../../pic32c/lib/thumb/v7e-m+fp/hard\libg-musl.a(setvbuf.o)
 .debug_line    0x000059b6      0x165 c:/program files/microchip/xc32/v4.21/bin/bin/../../lib/gcc/pic32c/8.3.1/../../../../pic32c/lib/thumb/v7e-m+fp/hard\libg-musl.a(readv.o)
 .debug_line    0x00005b1b      0xac5 c:/program files/microchip/xc32/v4.21/bin/bin/../../lib/gcc/pic32c/8.3.1/../../../../pic32c/lib/thumb/v7e-m+fp/hard\libg-musl.a(malloc.o)
 .debug_line    0x000065e0       0xf6 c:/program files/microchip/xc32/v4.21/bin/bin/../../lib/gcc/pic32c/8.3.1/../../../../pic32c/lib/thumb/v7e-m+fp/hard\libg-musl.a(expand_heap.o)
 .debug_line    0x000066d6       0xcf c:/program files/microchip/xc32/v4.21/bin/bin/../../lib/gcc/pic32c/8.3.1/../../../../pic32c/lib/thumb/v7e-m+fp/hard\libg-musl.a(__init_stdio.o)
 .debug_line    0x000067a5      0x234 c:/program files/microchip/xc32/v4.21/bin/bin/../../lib/gcc/pic32c/8.3.1/../../../../pic32c/lib/thumb/v7e-m+fp/hard\libg-musl.a(__out.o)
 .debug_line    0x000069d9      0x1e5 c:/program files/microchip/xc32/v4.21/bin/bin/../../lib/gcc/pic32c/8.3.1/../../../../pic32c/lib/thumb/v7e-m+fp/hard\libg-musl.a(__stderr.o)
 .debug_line    0x00006bbe      0x2f8 c:/program files/microchip/xc32/v4.21/bin/bin/../../lib/gcc/pic32c/8.3.1/../../../../pic32c/lib/thumb/v7e-m+fp/hard\libg-musl.a(__stdio_close.o)
 .debug_line    0x00006eb6      0x333 c:/program files/microchip/xc32/v4.21/bin/bin/../../lib/gcc/pic32c/8.3.1/../../../../pic32c/lib/thumb/v7e-m+fp/hard\libg-musl.a(__stdio_write.o)
 .debug_line    0x000071e9      0x1e5 c:/program files/microchip/xc32/v4.21/bin/bin/../../lib/gcc/pic32c/8.3.1/../../../../pic32c/lib/thumb/v7e-m+fp/hard\libg-musl.a(__stdout.o)
 .debug_line    0x000073ce      0x18b c:/program files/microchip/xc32/v4.21/bin/bin/../../lib/gcc/pic32c/8.3.1/../../../../pic32c/lib/thumb/v7e-m+fp/hard\libg-musl.a(__towrite.o)
 .debug_line    0x00007559      0x166 c:/program files/microchip/xc32/v4.21/bin/bin/../../lib/gcc/pic32c/8.3.1/../../../../pic32c/lib/thumb/v7e-m+fp/hard\libg-musl.a(writev.o)
 .debug_line    0x000076bf      0x1f3 c:/program files/microchip/xc32/v4.21/bin/bin/../../lib/gcc/pic32c/8.3.1/../../../../pic32c/lib/thumb/v7e-m+fp/hard\libg-musl.a(__fwrite.o)
 .debug_line    0x000078b2       0x98 c:/program files/microchip/xc32/v4.21/bin/bin/../../lib/gcc/pic32c/8.3.1/thumb/v7e-m+fp/hard\libgcc.a(_aeabi_uldivmod.o)
 .debug_line    0x0000794a      0x367 c:/program files/microchip/xc32/v4.21/bin/bin/../../lib/gcc/pic32c/8.3.1/thumb/v7e-m+fp/hard\libgcc.a(_udivmoddi4.o)
 .debug_line    0x00007cb1       0x98 c:/program files/microchip/xc32/v4.21/bin/bin/../../lib/gcc/pic32c/8.3.1/thumb/v7e-m+fp/hard\libgcc.a(_dvmd_tls.o)
 .debug_line    0x00007d49       0x9d c:/program files/microchip/xc32/v4.21/bin/bin/../../lib/gcc/pic32c/8.3.1/../../../../pic32c/lib/thumb/v7e-m+fp/hard\libpic32c.a(close.o)
 .debug_line    0x00007de6       0x9d c:/program files/microchip/xc32/v4.21/bin/bin/../../lib/gcc/pic32c/8.3.1/../../../../pic32c/lib/thumb/v7e-m+fp/hard\libpic32c.a(lseek.o)
 .debug_line    0x00007e83       0xbd c:/program files/microchip/xc32/v4.21/bin/bin/../../lib/gcc/pic32c/8.3.1/../../../../pic32c/lib/thumb/v7e-m+fp/hard\libpic32c.a(sbrk.o)

.debug_str      0x00000000      0x77d
 .debug_str     0x00000000       0x1e build/default/debug/_ext/1984496892/plib_clock.o
 .debug_str     0x0000001e        0x0 build/default/debug/_ext/1986646378/plib_evsys.o
 .debug_str     0x0000001e        0xa build/default/debug/_ext/1865468468/plib_nvic.o
 .debug_str     0x00000028       0x20 build/default/debug/_ext/1593096446/plib_nvmctrl.o
 .debug_str     0x00000048        0xb build/default/debug/_ext/1865521619/plib_port.o
 .debug_str     0x00000053       0x27 build/default/debug/_ext/163028504/xc32_monitor.o
 .debug_str     0x0000007a       0xa1 build/default/debug/_ext/1171490990/initialization.o
 .debug_str     0x0000011b       0x2f build/default/debug/_ext/1171490990/startup_xc32.o
 .debug_str     0x0000014a        0x0 build/default/debug/_ext/1171490990/interrupts.o
 .debug_str     0x0000014a        0x0 build/default/debug/_ext/1171490990/exceptions.o
 .debug_str     0x0000014a       0x19 build/default/debug/_ext/1360937237/main.o
 .debug_str     0x00000163      0x135 build/default/debug/_ext/504274921/plib_sercom2_usart.o
 .debug_str     0x00000298      0x175 build/default/debug/_ext/508257091/plib_sercom7_i2c_master.o
 .debug_str     0x0000040d       0x65 build/default/debug/_ext/1360937237/app.o
 .debug_str     0x00000472        0xa build/default/debug/_ext/1171490990/tasks.o
 .debug_str     0x0000047c        0x0 c:/program files/microchip/xc32/v4.21/bin/bin/../../lib/gcc/pic32c/8.3.1/../../../../pic32c/lib/thumb/v7e-m+fp/hard\libpic32c.a(data_init_wrapper.o)
 .debug_str     0x0000047c        0x0 c:/program files/microchip/xc32/v4.21/bin/bin/../../lib/gcc/pic32c/8.3.1/../../../../pic32c/lib/thumb/v7e-m+fp/hard\libpic32c.a(data_init_0_1.o)
 .debug_str     0x0000047c        0x0 c:/program files/microchip/xc32/v4.21/bin/bin/../../lib/gcc/pic32c/8.3.1/../../../../pic32c/lib/thumb/v7e-m+fp/hard\libg-musl.a(__libc_start_main.o)
 .debug_str     0x0000047c        0x0 c:/program files/microchip/xc32/v4.21/bin/bin/../../lib/gcc/pic32c/8.3.1/../../../../pic32c/lib/thumb/v7e-m+fp/hard\libg-musl.a(libc.o)
 .debug_str     0x0000047c       0x78 c:/program files/microchip/xc32/v4.21/bin/bin/../../lib/gcc/pic32c/8.3.1/../../../../pic32c/lib/thumb/v7e-m+fp/hard\libg-musl.a(__sio_printf_doux.o)
 .debug_str     0x000004f4        0x0 c:/program files/microchip/xc32/v4.21/bin/bin/../../lib/gcc/pic32c/8.3.1/../../../../pic32c/lib/thumb/v7e-m+fp/hard\libg-musl.a(__fmt_d.o)
 .debug_str     0x000004f4        0x0 c:/program files/microchip/xc32/v4.21/bin/bin/../../lib/gcc/pic32c/8.3.1/../../../../pic32c/lib/thumb/v7e-m+fp/hard\libg-musl.a(__fmt_o.o)
 .debug_str     0x000004f4        0x0 c:/program files/microchip/xc32/v4.21/bin/bin/../../lib/gcc/pic32c/8.3.1/../../../../pic32c/lib/thumb/v7e-m+fp/hard\libg-musl.a(__fmt_s.o)
 .debug_str     0x000004f4        0x6 c:/program files/microchip/xc32/v4.21/bin/bin/../../lib/gcc/pic32c/8.3.1/../../../../pic32c/lib/thumb/v7e-m+fp/hard\libg-musl.a(__fmt_u.o)
 .debug_str     0x000004fa        0x0 c:/program files/microchip/xc32/v4.21/bin/bin/../../lib/gcc/pic32c/8.3.1/../../../../pic32c/lib/thumb/v7e-m+fp/hard\libg-musl.a(__fmt_x.o)
 .debug_str     0x000004fa        0x0 c:/program files/microchip/xc32/v4.21/bin/bin/../../lib/gcc/pic32c/8.3.1/../../../../pic32c/lib/thumb/v7e-m+fp/hard\libg-musl.a(__pop_int.o)
 .debug_str     0x000004fa        0x0 c:/program files/microchip/xc32/v4.21/bin/bin/../../lib/gcc/pic32c/8.3.1/../../../../pic32c/lib/thumb/v7e-m+fp/hard\libg-musl.a(__pop_ptr.o)
 .debug_str     0x000004fa       0x20 c:/program files/microchip/xc32/v4.21/bin/bin/../../lib/gcc/pic32c/8.3.1/../../../../pic32c/lib/thumb/v7e-m+fp/hard\libg-musl.a(__printf_core.o)
 .debug_str     0x0000051a        0xf c:/program files/microchip/xc32/v4.21/bin/bin/../../lib/gcc/pic32c/8.3.1/../../../../pic32c/lib/thumb/v7e-m+fp/hard\libg-musl.a(stdin.o)
 .debug_str     0x00000529       0x11 c:/program files/microchip/xc32/v4.21/bin/bin/../../lib/gcc/pic32c/8.3.1/../../../../pic32c/lib/thumb/v7e-m+fp/hard\libg-musl.a(stdout.o)
 .debug_str     0x0000053a        0x0 c:/program files/microchip/xc32/v4.21/bin/bin/../../lib/gcc/pic32c/8.3.1/../../../../pic32c/lib/thumb/v7e-m+fp/hard\libg-musl.a(setbuf.o)
 .debug_str     0x0000053a        0x0 c:/program files/microchip/xc32/v4.21/bin/bin/../../lib/gcc/pic32c/8.3.1/../../../../pic32c/lib/thumb/v7e-m+fp/hard\libg-musl.a(atoi.o)
 .debug_str     0x0000053a        0x0 c:/program files/microchip/xc32/v4.21/bin/bin/../../lib/gcc/pic32c/8.3.1/../../../../pic32c/lib/thumb/v7e-m+fp/hard\libg-musl.a(memcpy.o)
 .debug_str     0x0000053a        0x0 c:/program files/microchip/xc32/v4.21/bin/bin/../../lib/gcc/pic32c/8.3.1/../../../../pic32c/lib/thumb/v7e-m+fp/hard\libg-musl.a(memset.o)
 .debug_str     0x0000053a        0x0 c:/program files/microchip/xc32/v4.21/bin/bin/../../lib/gcc/pic32c/8.3.1/../../../../pic32c/lib/thumb/v7e-m+fp/hard\libg-musl.a(strlen.o)
 .debug_str     0x0000053a        0x0 c:/program files/microchip/xc32/v4.21/bin/bin/../../lib/gcc/pic32c/8.3.1/../../../../pic32c/lib/thumb/v7e-m+fp/hard\libg-musl.a(tolower.o)
 .debug_str     0x0000053a        0x0 c:/program files/microchip/xc32/v4.21/bin/bin/../../lib/gcc/pic32c/8.3.1/../../../../pic32c/lib/thumb/v7e-m+fp/hard\libg-musl.a(toupper.o)
 .debug_str     0x0000053a        0x0 c:/program files/microchip/xc32/v4.21/bin/bin/../../lib/gcc/pic32c/8.3.1/../../../../pic32c/lib/thumb/v7e-m+fp/hard\libg-musl.a(__environ.o)
 .debug_str     0x0000053a        0x0 c:/program files/microchip/xc32/v4.21/bin/bin/../../lib/gcc/pic32c/8.3.1/../../../../pic32c/lib/thumb/v7e-m+fp/hard\libg-musl.a(__errno_location.o)
 .debug_str     0x0000053a        0xe c:/program files/microchip/xc32/v4.21/bin/bin/../../lib/gcc/pic32c/8.3.1/../../../../pic32c/lib/thumb/v7e-m+fp/hard\libg-musl.a(__int_vfprintf.o)
 .debug_str     0x00000548        0x0 c:/program files/microchip/xc32/v4.21/bin/bin/../../lib/gcc/pic32c/8.3.1/../../../../pic32c/lib/thumb/v7e-m+fp/hard\libg-musl.a(__pop_float.o)
 .debug_str     0x00000548        0x0 c:/program files/microchip/xc32/v4.21/bin/bin/../../lib/gcc/pic32c/8.3.1/../../../../pic32c/lib/thumb/v7e-m+fp/hard\libg-musl.a(__stdio_read.o)
 .debug_str     0x00000548        0x0 c:/program files/microchip/xc32/v4.21/bin/bin/../../lib/gcc/pic32c/8.3.1/../../../../pic32c/lib/thumb/v7e-m+fp/hard\libg-musl.a(__towrite_rw.o)
 .debug_str     0x00000548       0x10 c:/program files/microchip/xc32/v4.21/bin/bin/../../lib/gcc/pic32c/8.3.1/../../../../pic32c/lib/thumb/v7e-m+fp/hard\libg-musl.a(setvbuf.o)
 .debug_str     0x00000558        0x0 c:/program files/microchip/xc32/v4.21/bin/bin/../../lib/gcc/pic32c/8.3.1/../../../../pic32c/lib/thumb/v7e-m+fp/hard\libg-musl.a(readv.o)
 .debug_str     0x00000558       0x13 c:/program files/microchip/xc32/v4.21/bin/bin/../../lib/gcc/pic32c/8.3.1/../../../../pic32c/lib/thumb/v7e-m+fp/hard\libg-musl.a(malloc.o)
 .debug_str     0x0000056b        0x0 c:/program files/microchip/xc32/v4.21/bin/bin/../../lib/gcc/pic32c/8.3.1/../../../../pic32c/lib/thumb/v7e-m+fp/hard\libg-musl.a(expand_heap.o)
 .debug_str     0x0000056b        0x0 c:/program files/microchip/xc32/v4.21/bin/bin/../../lib/gcc/pic32c/8.3.1/../../../../pic32c/lib/thumb/v7e-m+fp/hard\libg-musl.a(__init_stdio.o)
 .debug_str     0x0000056b        0x0 c:/program files/microchip/xc32/v4.21/bin/bin/../../lib/gcc/pic32c/8.3.1/../../../../pic32c/lib/thumb/v7e-m+fp/hard\libg-musl.a(__out.o)
 .debug_str     0x0000056b       0x11 c:/program files/microchip/xc32/v4.21/bin/bin/../../lib/gcc/pic32c/8.3.1/../../../../pic32c/lib/thumb/v7e-m+fp/hard\libg-musl.a(__stderr.o)
 .debug_str     0x0000057c        0x0 c:/program files/microchip/xc32/v4.21/bin/bin/../../lib/gcc/pic32c/8.3.1/../../../../pic32c/lib/thumb/v7e-m+fp/hard\libg-musl.a(__stdio_close.o)
 .debug_str     0x0000057c        0xa c:/program files/microchip/xc32/v4.21/bin/bin/../../lib/gcc/pic32c/8.3.1/../../../../pic32c/lib/thumb/v7e-m+fp/hard\libg-musl.a(__stdio_write.o)
 .debug_str     0x00000586       0x11 c:/program files/microchip/xc32/v4.21/bin/bin/../../lib/gcc/pic32c/8.3.1/../../../../pic32c/lib/thumb/v7e-m+fp/hard\libg-musl.a(__stdout.o)
 .debug_str     0x00000597        0x0 c:/program files/microchip/xc32/v4.21/bin/bin/../../lib/gcc/pic32c/8.3.1/../../../../pic32c/lib/thumb/v7e-m+fp/hard\libg-musl.a(__towrite.o)
 .debug_str     0x00000597        0x0 c:/program files/microchip/xc32/v4.21/bin/bin/../../lib/gcc/pic32c/8.3.1/../../../../pic32c/lib/thumb/v7e-m+fp/hard\libg-musl.a(writev.o)
 .debug_str     0x00000597       0x10 c:/program files/microchip/xc32/v4.21/bin/bin/../../lib/gcc/pic32c/8.3.1/../../../../pic32c/lib/thumb/v7e-m+fp/hard\libg-musl.a(__fwrite.o)
 .debug_str     0x000005a7       0xe9 c:/program files/microchip/xc32/v4.21/bin/bin/../../lib/gcc/pic32c/8.3.1/thumb/v7e-m+fp/hard\libgcc.a(_aeabi_uldivmod.o)
 .debug_str     0x00000690        0x0 c:/program files/microchip/xc32/v4.21/bin/bin/../../lib/gcc/pic32c/8.3.1/thumb/v7e-m+fp/hard\libgcc.a(_udivmoddi4.o)
 .debug_str     0x00000690       0xed c:/program files/microchip/xc32/v4.21/bin/bin/../../lib/gcc/pic32c/8.3.1/thumb/v7e-m+fp/hard\libgcc.a(_dvmd_tls.o)
 .debug_str     0x0000077d        0x0 c:/program files/microchip/xc32/v4.21/bin/bin/../../lib/gcc/pic32c/8.3.1/../../../../pic32c/lib/thumb/v7e-m+fp/hard\libpic32c.a(close.o)
 .debug_str     0x0000077d        0x0 c:/program files/microchip/xc32/v4.21/bin/bin/../../lib/gcc/pic32c/8.3.1/../../../../pic32c/lib/thumb/v7e-m+fp/hard\libpic32c.a(lseek.o)
 .debug_str     0x0000077d        0x0 c:/program files/microchip/xc32/v4.21/bin/bin/../../lib/gcc/pic32c/8.3.1/../../../../pic32c/lib/thumb/v7e-m+fp/hard\libpic32c.a(sbrk.o)

.debug_frame    0x00000000     0x1200
 .debug_frame   0x00000000       0x20 build/default/debug/_ext/1984496892/plib_clock.o
 .debug_frame   0x00000020       0x20 build/default/debug/_ext/1986646378/plib_evsys.o
 .debug_frame   0x00000040       0x50 build/default/debug/_ext/1865468468/plib_nvic.o
 .debug_frame   0x00000090      0x1dc build/default/debug/_ext/1593096446/plib_nvmctrl.o
 .debug_frame   0x0000026c       0xcc build/default/debug/_ext/1865521619/plib_port.o
 .debug_frame   0x00000338       0x48 build/default/debug/_ext/163028504/xc32_monitor.o
 .debug_frame   0x00000380       0x28 build/default/debug/_ext/1171490990/initialization.o
 .debug_frame   0x000003a8       0x38 build/default/debug/_ext/1171490990/startup_xc32.o
 .debug_frame   0x000003e0       0x20 build/default/debug/_ext/1171490990/interrupts.o
 .debug_frame   0x00000400       0x70 build/default/debug/_ext/1171490990/exceptions.o
 .debug_frame   0x00000470       0x28 build/default/debug/_ext/1360937237/main.o
 .debug_frame   0x00000498      0x15c build/default/debug/_ext/504274921/plib_sercom2_usart.o
 .debug_frame   0x000005f4       0xe0 build/default/debug/_ext/508257091/plib_sercom7_i2c_master.o
 .debug_frame   0x000006d4       0x90 build/default/debug/_ext/1360937237/app.o
 .debug_frame   0x00000764       0x28 build/default/debug/_ext/1171490990/tasks.o
 .debug_frame   0x0000078c       0x20 c:/program files/microchip/xc32/v4.21/bin/bin/../../lib/gcc/pic32c/8.3.1/../../../../pic32c/lib/thumb/v7e-m+fp/hard\libpic32c.a(data_init_wrapper.o)
 .debug_frame   0x000007ac       0x2c c:/program files/microchip/xc32/v4.21/bin/bin/../../lib/gcc/pic32c/8.3.1/../../../../pic32c/lib/thumb/v7e-m+fp/hard\libpic32c.a(data_init_0_1.o)
 .debug_frame   0x000007d8       0x3c c:/program files/microchip/xc32/v4.21/bin/bin/../../lib/gcc/pic32c/8.3.1/../../../../pic32c/lib/thumb/v7e-m+fp/hard\libg-musl.a(__libc_start_main.o)
 .debug_frame   0x00000814       0x5c c:/program files/microchip/xc32/v4.21/bin/bin/../../lib/gcc/pic32c/8.3.1/../../../../pic32c/lib/thumb/v7e-m+fp/hard\libg-musl.a(__sio_printf_doux.o)
 .debug_frame   0x00000870       0x3c c:/program files/microchip/xc32/v4.21/bin/bin/../../lib/gcc/pic32c/8.3.1/../../../../pic32c/lib/thumb/v7e-m+fp/hard\libg-musl.a(__fmt_d.o)
 .debug_frame   0x000008ac       0x34 c:/program files/microchip/xc32/v4.21/bin/bin/../../lib/gcc/pic32c/8.3.1/../../../../pic32c/lib/thumb/v7e-m+fp/hard\libg-musl.a(__fmt_o.o)
 .debug_frame   0x000008e0       0x34 c:/program files/microchip/xc32/v4.21/bin/bin/../../lib/gcc/pic32c/8.3.1/../../../../pic32c/lib/thumb/v7e-m+fp/hard\libg-musl.a(__fmt_s.o)
 .debug_frame   0x00000914       0x5c c:/program files/microchip/xc32/v4.21/bin/bin/../../lib/gcc/pic32c/8.3.1/../../../../pic32c/lib/thumb/v7e-m+fp/hard\libg-musl.a(__fmt_u.o)
 .debug_frame   0x00000970       0x40 c:/program files/microchip/xc32/v4.21/bin/bin/../../lib/gcc/pic32c/8.3.1/../../../../pic32c/lib/thumb/v7e-m+fp/hard\libg-musl.a(__fmt_x.o)
 .debug_frame   0x000009b0       0x28 c:/program files/microchip/xc32/v4.21/bin/bin/../../lib/gcc/pic32c/8.3.1/../../../../pic32c/lib/thumb/v7e-m+fp/hard\libg-musl.a(__pop_int.o)
 .debug_frame   0x000009d8       0x28 c:/program files/microchip/xc32/v4.21/bin/bin/../../lib/gcc/pic32c/8.3.1/../../../../pic32c/lib/thumb/v7e-m+fp/hard\libg-musl.a(__pop_ptr.o)
 .debug_frame   0x00000a00       0xd8 c:/program files/microchip/xc32/v4.21/bin/bin/../../lib/gcc/pic32c/8.3.1/../../../../pic32c/lib/thumb/v7e-m+fp/hard\libg-musl.a(__printf_core.o)
 .debug_frame   0x00000ad8       0x30 c:/program files/microchip/xc32/v4.21/bin/bin/../../lib/gcc/pic32c/8.3.1/../../../../pic32c/lib/thumb/v7e-m+fp/hard\libg-musl.a(stdin.o)
 .debug_frame   0x00000b08       0x48 c:/program files/microchip/xc32/v4.21/bin/bin/../../lib/gcc/pic32c/8.3.1/../../../../pic32c/lib/thumb/v7e-m+fp/hard\libg-musl.a(stdout.o)
 .debug_frame   0x00000b50       0x20 c:/program files/microchip/xc32/v4.21/bin/bin/../../lib/gcc/pic32c/8.3.1/../../../../pic32c/lib/thumb/v7e-m+fp/hard\libg-musl.a(setbuf.o)
 .debug_frame   0x00000b70       0x28 c:/program files/microchip/xc32/v4.21/bin/bin/../../lib/gcc/pic32c/8.3.1/../../../../pic32c/lib/thumb/v7e-m+fp/hard\libg-musl.a(atoi.o)
 .debug_frame   0x00000b98       0x28 c:/program files/microchip/xc32/v4.21/bin/bin/../../lib/gcc/pic32c/8.3.1/../../../../pic32c/lib/thumb/v7e-m+fp/hard\libg-musl.a(memcpy.o)
 .debug_frame   0x00000bc0       0x20 c:/program files/microchip/xc32/v4.21/bin/bin/../../lib/gcc/pic32c/8.3.1/../../../../pic32c/lib/thumb/v7e-m+fp/hard\libg-musl.a(memset.o)
 .debug_frame   0x00000be0       0x20 c:/program files/microchip/xc32/v4.21/bin/bin/../../lib/gcc/pic32c/8.3.1/../../../../pic32c/lib/thumb/v7e-m+fp/hard\libg-musl.a(strlen.o)
 .debug_frame   0x00000c00       0x30 c:/program files/microchip/xc32/v4.21/bin/bin/../../lib/gcc/pic32c/8.3.1/../../../../pic32c/lib/thumb/v7e-m+fp/hard\libg-musl.a(tolower.o)
 .debug_frame   0x00000c30       0x30 c:/program files/microchip/xc32/v4.21/bin/bin/../../lib/gcc/pic32c/8.3.1/../../../../pic32c/lib/thumb/v7e-m+fp/hard\libg-musl.a(toupper.o)
 .debug_frame   0x00000c60       0x2c c:/program files/microchip/xc32/v4.21/bin/bin/../../lib/gcc/pic32c/8.3.1/../../../../pic32c/lib/thumb/v7e-m+fp/hard\libg-musl.a(__int_vfprintf.o)
 .debug_frame   0x00000c8c       0x20 c:/program files/microchip/xc32/v4.21/bin/bin/../../lib/gcc/pic32c/8.3.1/../../../../pic32c/lib/thumb/v7e-m+fp/hard\libg-musl.a(__pop_float.o)
 .debug_frame   0x00000cac       0x30 c:/program files/microchip/xc32/v4.21/bin/bin/../../lib/gcc/pic32c/8.3.1/../../../../pic32c/lib/thumb/v7e-m+fp/hard\libg-musl.a(__stdio_read.o)
 .debug_frame   0x00000cdc       0x20 c:/program files/microchip/xc32/v4.21/bin/bin/../../lib/gcc/pic32c/8.3.1/../../../../pic32c/lib/thumb/v7e-m+fp/hard\libg-musl.a(__towrite_rw.o)
 .debug_frame   0x00000cfc       0x3c c:/program files/microchip/xc32/v4.21/bin/bin/../../lib/gcc/pic32c/8.3.1/../../../../pic32c/lib/thumb/v7e-m+fp/hard\libg-musl.a(setvbuf.o)
 .debug_frame   0x00000d38       0x34 c:/program files/microchip/xc32/v4.21/bin/bin/../../lib/gcc/pic32c/8.3.1/../../../../pic32c/lib/thumb/v7e-m+fp/hard\libg-musl.a(readv.o)
 .debug_frame   0x00000d6c      0x150 c:/program files/microchip/xc32/v4.21/bin/bin/../../lib/gcc/pic32c/8.3.1/../../../../pic32c/lib/thumb/v7e-m+fp/hard\libg-musl.a(malloc.o)
 .debug_frame   0x00000ebc       0x28 c:/program files/microchip/xc32/v4.21/bin/bin/../../lib/gcc/pic32c/8.3.1/../../../../pic32c/lib/thumb/v7e-m+fp/hard\libg-musl.a(expand_heap.o)
 .debug_frame   0x00000ee4       0x38 c:/program files/microchip/xc32/v4.21/bin/bin/../../lib/gcc/pic32c/8.3.1/../../../../pic32c/lib/thumb/v7e-m+fp/hard\libg-musl.a(__init_stdio.o)
 .debug_frame   0x00000f1c       0x3c c:/program files/microchip/xc32/v4.21/bin/bin/../../lib/gcc/pic32c/8.3.1/../../../../pic32c/lib/thumb/v7e-m+fp/hard\libg-musl.a(__out.o)
 .debug_frame   0x00000f58       0x40 c:/program files/microchip/xc32/v4.21/bin/bin/../../lib/gcc/pic32c/8.3.1/../../../../pic32c/lib/thumb/v7e-m+fp/hard\libg-musl.a(__stderr.o)
 .debug_frame   0x00000f98       0x60 c:/program files/microchip/xc32/v4.21/bin/bin/../../lib/gcc/pic32c/8.3.1/../../../../pic32c/lib/thumb/v7e-m+fp/hard\libg-musl.a(__stdio_close.o)
 .debug_frame   0x00000ff8       0x58 c:/program files/microchip/xc32/v4.21/bin/bin/../../lib/gcc/pic32c/8.3.1/../../../../pic32c/lib/thumb/v7e-m+fp/hard\libg-musl.a(__stdio_write.o)
 .debug_frame   0x00001050       0x40 c:/program files/microchip/xc32/v4.21/bin/bin/../../lib/gcc/pic32c/8.3.1/../../../../pic32c/lib/thumb/v7e-m+fp/hard\libg-musl.a(__stdout.o)
 .debug_frame   0x00001090       0x38 c:/program files/microchip/xc32/v4.21/bin/bin/../../lib/gcc/pic32c/8.3.1/../../../../pic32c/lib/thumb/v7e-m+fp/hard\libg-musl.a(__towrite.o)
 .debug_frame   0x000010c8       0x34 c:/program files/microchip/xc32/v4.21/bin/bin/../../lib/gcc/pic32c/8.3.1/../../../../pic32c/lib/thumb/v7e-m+fp/hard\libg-musl.a(writev.o)
 .debug_frame   0x000010fc       0x40 c:/program files/microchip/xc32/v4.21/bin/bin/../../lib/gcc/pic32c/8.3.1/../../../../pic32c/lib/thumb/v7e-m+fp/hard\libg-musl.a(__fwrite.o)
 .debug_frame   0x0000113c       0x2c c:/program files/microchip/xc32/v4.21/bin/bin/../../lib/gcc/pic32c/8.3.1/thumb/v7e-m+fp/hard\libgcc.a(_aeabi_uldivmod.o)